[    1566ms] [LOG] Error: TargetAds Queue is empty @ https://i.hh.ru/js/External/TargetAds_WebSDK.js?v=2.2:0
[    1795ms] [ERROR] Failed to load resource: net::ERR_FAILED @ chrome-extension://invalid/:0
[    2248ms] [ERROR] Failed to load resource: net::ERR_FAILED @ chrome-extension://invalid/:0
[    4826ms] [LOG] Undefined event - vac_search_query_web @ https://cdn.uxfeedback.ru/assets-6.13.0/1.f83863947bcc13da6f93.js:0
[   31868ms] [LOG] Error: TargetAds Queue is empty @ https://i.hh.ru/js/External/TargetAds_WebSDK.js?v=2.2:0
[   32144ms] [ERROR] Failed to load resource: net::ERR_FAILED @ chrome-extension://invalid/:0
[   32760ms] [ERROR] Failed to load resource: net::ERR_FAILED @ chrome-extension://invalid/:0
[   35307ms] [LOG] Undefined event - vacancy_search_quality_applicant @ https://cdn.uxfeedback.ru/assets-6.13.0/1.f83863947bcc13da6f93.js:0
[   35307ms] [LOG] Undefined event - vac_search_query_web @ https://cdn.uxfeedback.ru/assets-6.13.0/1.f83863947bcc13da6f93.js:0
[   37767ms] [LOG] Error: TargetAds Queue is empty @ https://i.hh.ru/js/External/TargetAds_WebSDK.js?v=2.2:0
[   38404ms] [ERROR] Failed to load resource: net::ERR_FAILED @ chrome-extension://invalid/:0
[   38404ms] [ERROR] Failed to load resource: net::ERR_FAILED @ chrome-extension://invalid/:0
[   40363ms] [LOG] Undefined event - vacancy_search_quality_applicant @ https://cdn.uxfeedback.ru/assets-6.13.0/1.f83863947bcc13da6f93.js:0
[   40363ms] [LOG] Undefined event - vac_search_query_web @ https://cdn.uxfeedback.ru/assets-6.13.0/1.f83863947bcc13da6f93.js:0
[   42139ms] [LOG] Error: TargetAds Queue is empty @ https://i.hh.ru/js/External/TargetAds_WebSDK.js?v=2.2:0
[   42735ms] [ERROR] Failed to load resource: net::ERR_FAILED @ chrome-extension://invalid/:0
[   42736ms] [ERROR] Failed to load resource: net::ERR_FAILED @ chrome-extension://invalid/:0
[   44571ms] [LOG] Undefined event - vac_search_query_web @ https://cdn.uxfeedback.ru/assets-6.13.0/1.f83863947bcc13da6f93.js:0
[   46376ms] [LOG] Error: TargetAds Queue is empty @ https://i.hh.ru/js/External/TargetAds_WebSDK.js?v=2.2:0
[   46601ms] [ERROR] Failed to load resource: net::ERR_FAILED @ chrome-extension://invalid/:0
[   47052ms] [ERROR] Failed to load resource: net::ERR_FAILED @ chrome-extension://invalid/:0
[   49205ms] [LOG] Undefined event - vacancy_search_quality_applicant @ https://cdn.uxfeedback.ru/assets-6.13.0/1.f83863947bcc13da6f93.js:0
[   49206ms] [LOG] Undefined event - vac_search_query_web @ https://cdn.uxfeedback.ru/assets-6.13.0/1.f83863947bcc13da6f93.js:0
[   51790ms] [LOG] Error: TargetAds Queue is empty @ https://i.hh.ru/js/External/TargetAds_WebSDK.js?v=2.2:0
[   52005ms] [ERROR] Failed to load resource: net::ERR_FAILED @ chrome-extension://invalid/:0
[   52470ms] [ERROR] Failed to load resource: net::ERR_FAILED @ chrome-extension://invalid/:0
[   54563ms] [LOG] Undefined event - vac_search_similar_extension_web @ https://cdn.uxfeedback.ru/assets-6.13.0/1.f83863947bcc13da6f93.js:0
[   54563ms] [LOG] Undefined event - vacancy_search_quality_applicant @ https://cdn.uxfeedback.ru/assets-6.13.0/1.f83863947bcc13da6f93.js:0
[   54563ms] [LOG] Undefined event - vac_search_query_web @ https://cdn.uxfeedback.ru/assets-6.13.0/1.f83863947bcc13da6f93.js:0
