[    1618ms] [ERROR] Failed to load resource: net::ERR_HTTP2_PROTOCOL_ERROR @ https://i.hh.ru/build/3477.ac926e41a3e3466c.js:0
[    1618ms] [ERROR] Failed to load resource: net::ERR_HTTP2_PROTOCOL_ERROR @ https://i.hh.ru/build/9573.9248609e4ec51980.js:0
[    1618ms] [ERROR] Failed to load resource: net::ERR_FAILED @ https://i.hh.ru/build/1082.323bfe57b4be5eb1.js:0
[    1618ms] [ERROR] Failed to load resource: net::ERR_FAILED @ https://i.hh.ru/build/autoGenerated.2211555e2637fe77.js:0
[    1618ms] [ERROR] Failed to load resource: net::ERR_FAILED @ https://i.hh.ru/build/7894.034a0bceb6bdd5d6.js:0
[    1618ms] [ERROR] Failed to load resource: net::ERR_FAILED @ https://i.hh.ru/build/8953.c4b178b187708fe3.js:0
[    1618ms] [ERROR] Failed to load resource: net::ERR_FAILED @ https://i.hh.ru/build/4892.c2bac37c306f6e4c.js:0
[    1618ms] [ERROR] Failed to load resource: net::ERR_FAILED @ https://i.hh.ru/build/5578.32b2193a39a95a96.js:0
[    1618ms] [ERROR] Failed to load resource: net::ERR_FAILED @ https://i.hh.ru/build/3671.372b32224bc9e66e.js:0
[    1618ms] [ERROR] Failed to load resource: net::ERR_FAILED @ https://i.hh.ru/build/492.b29fe63cb82ca010.js:0
[    1618ms] [ERROR] Failed to load resource: net::ERR_FAILED @ https://i.hh.ru/build/1115.587b8e05e0cfb7f7.js:0
[    1619ms] [ERROR] Failed to load resource: net::ERR_FAILED @ https://i.hh.ru/build/5661.e1da1cc7efc27f78.js:0
[    1619ms] [ERROR] Failed to load resource: net::ERR_FAILED @ https://i.hh.ru/build/9388.ac666ac75e92a131.js:0
[    1619ms] [ERROR] Failed to load resource: net::ERR_FAILED @ https://i.hh.ru/build/7782.464e52a1af7ff976.js:0
[    1619ms] [ERROR] Failed to load resource: net::ERR_FAILED @ https://i.hh.ru/build/VacancyView-route.ab23acad21a95403.js:0
[    1829ms] [LOG] Error: TargetAds Queue is empty @ https://i.hh.ru/js/External/TargetAds_WebSDK.js?v=2.2:0
[    8449ms] [LOG] auto_open_controller_script from Edge @ :0
[   34600ms] [ERROR] Failed to load resource: net::ERR_CONNECTION_TIMED_OUT @ https://ck.silvermob.com/sync?pid=445&uid=44f9cdfc42516ad5564c:0
[  121492ms] [ERROR] Failed to load resource: net::ERR_CONNECTION_CLOSED @ https://i.hh.ru/build/7402.0cbfa5f5b81a730b.js:0
[  121501ms] [ERROR] Failed to load resource: net::ERR_CONNECTION_CLOSED @ https://i.hh.ru/build/magritte.72e460bdc7b61056.js:0
[  121501ms] [ERROR] Failed to load resource: net::ERR_CONNECTION_CLOSED @ https://i.hh.ru/build/bloko.b6f007e9365f36a1.js:0
[  121502ms] [ERROR] Failed to load resource: net::ERR_CONNECTION_CLOSED @ https://i.hh.ru/build/runtime.1ed198243a3d9ebb.js:0
[  121502ms] [ERROR] Failed to load resource: net::ERR_CONNECTION_CLOSED @ https://i.hh.ru/build/App.4c5b6f811a9bf5bb.js:0
[  121502ms] [ERROR] Failed to load resource: net::ERR_CONNECTION_CLOSED @ https://i.hh.ru/build/appEntryPoint.899879b1799b48da.js:0
[  121502ms] [ERROR] Failed to load resource: net::ERR_CONNECTION_CLOSED @ https://i.hh.ru/build/2450.38fee590d8903d74.js:0
[  121510ms] [ERROR] Failed to load resource: net::ERR_CONNECTION_CLOSED @ https://i.hh.ru/build/vendors.824f635811889e32.js:0
