[    1243ms] [LOG] Error: TargetAds Queue is empty @ https://i.hh.ru/js/External/TargetAds_WebSDK.js?v=2.2:0
[    2847ms] Error: Minified React error #418; visit https://reactjs.org/docs/error-decoder.html?invariant=418 for the full message or use the non-minified dev environment for full errors and additional helpful warnings.
    at ci (https://i.hh.ru/build/vendors.ca5c03e52c92a0fb.js:58:48242)
    at Iu (https://i.hh.ru/build/vendors.ca5c03e52c92a0fb.js:58:120960)
    at bl (https://i.hh.ru/build/vendors.ca5c03e52c92a0fb.js:58:108518)
    at yl (https://i.hh.ru/build/vendors.ca5c03e52c92a0fb.js:58:108446)
    at _l (https://i.hh.ru/build/vendors.ca5c03e52c92a0fb.js:58:108309)
    at il (https://i.hh.ru/build/vendors.ca5c03e52c92a0fb.js:58:103472)
    at E (https://i.hh.ru/build/vendors.ca5c03e52c92a0fb.js:94:1364)
    at O (https://i.hh.ru/build/vendors.ca5c03e52c92a0fb.js:94:1896)
    at k.<computed> (https://i.hh.ru/build/vendors.ca5c03e52c92a0fb.js:103:49876)
    at T (https://i.hh.ru/build/vendors.ca5c03e52c92a0fb.js:103:49645)
    at MessagePort.P (https://i.hh.ru/build/vendors.ca5c03e52c92a0fb.js:103:49704)
[    2853ms] Error: Minified React error #418; visit https://reactjs.org/docs/error-decoder.html?invariant=418 for the full message or use the non-minified dev environment for full errors and additional helpful warnings.
    at ci (https://i.hh.ru/build/vendors.ca5c03e52c92a0fb.js:58:48242)
    at Iu (https://i.hh.ru/build/vendors.ca5c03e52c92a0fb.js:58:120960)
    at bl (https://i.hh.ru/build/vendors.ca5c03e52c92a0fb.js:58:108518)
    at yl (https://i.hh.ru/build/vendors.ca5c03e52c92a0fb.js:58:108446)
    at _l (https://i.hh.ru/build/vendors.ca5c03e52c92a0fb.js:58:108309)
    at il (https://i.hh.ru/build/vendors.ca5c03e52c92a0fb.js:58:103472)
    at E (https://i.hh.ru/build/vendors.ca5c03e52c92a0fb.js:94:1364)
    at O (https://i.hh.ru/build/vendors.ca5c03e52c92a0fb.js:94:1896)
    at k.<computed> (https://i.hh.ru/build/vendors.ca5c03e52c92a0fb.js:103:49876)
    at T (https://i.hh.ru/build/vendors.ca5c03e52c92a0fb.js:103:49645)
    at MessagePort.P (https://i.hh.ru/build/vendors.ca5c03e52c92a0fb.js:103:49704)
[    2861ms] Error: Minified React error #418; visit https://reactjs.org/docs/error-decoder.html?invariant=418 for the full message or use the non-minified dev environment for full errors and additional helpful warnings.
    at ci (https://i.hh.ru/build/vendors.ca5c03e52c92a0fb.js:58:48242)
    at Iu (https://i.hh.ru/build/vendors.ca5c03e52c92a0fb.js:58:120960)
    at bl (https://i.hh.ru/build/vendors.ca5c03e52c92a0fb.js:58:108518)
    at yl (https://i.hh.ru/build/vendors.ca5c03e52c92a0fb.js:58:108446)
    at _l (https://i.hh.ru/build/vendors.ca5c03e52c92a0fb.js:58:108309)
    at il (https://i.hh.ru/build/vendors.ca5c03e52c92a0fb.js:58:103472)
    at E (https://i.hh.ru/build/vendors.ca5c03e52c92a0fb.js:94:1364)
    at O (https://i.hh.ru/build/vendors.ca5c03e52c92a0fb.js:94:1896)
    at k.<computed> (https://i.hh.ru/build/vendors.ca5c03e52c92a0fb.js:103:49876)
    at T (https://i.hh.ru/build/vendors.ca5c03e52c92a0fb.js:103:49645)
    at MessagePort.P (https://i.hh.ru/build/vendors.ca5c03e52c92a0fb.js:103:49704)
[    2867ms] Error: Minified React error #418; visit https://reactjs.org/docs/error-decoder.html?invariant=418 for the full message or use the non-minified dev environment for full errors and additional helpful warnings.
    at ci (https://i.hh.ru/build/vendors.ca5c03e52c92a0fb.js:58:48242)
    at Iu (https://i.hh.ru/build/vendors.ca5c03e52c92a0fb.js:58:120960)
    at bl (https://i.hh.ru/build/vendors.ca5c03e52c92a0fb.js:58:108518)
    at yl (https://i.hh.ru/build/vendors.ca5c03e52c92a0fb.js:58:108446)
    at _l (https://i.hh.ru/build/vendors.ca5c03e52c92a0fb.js:58:108309)
    at il (https://i.hh.ru/build/vendors.ca5c03e52c92a0fb.js:58:103472)
    at E (https://i.hh.ru/build/vendors.ca5c03e52c92a0fb.js:94:1364)
    at O (https://i.hh.ru/build/vendors.ca5c03e52c92a0fb.js:94:1896)
    at k.<computed> (https://i.hh.ru/build/vendors.ca5c03e52c92a0fb.js:103:49876)
    at T (https://i.hh.ru/build/vendors.ca5c03e52c92a0fb.js:103:49645)
    at MessagePort.P (https://i.hh.ru/build/vendors.ca5c03e52c92a0fb.js:103:49704)
[    2872ms] Error: Minified React error #423; visit https://reactjs.org/docs/error-decoder.html?invariant=423 for the full message or use the non-minified dev environment for full errors and additional helpful warnings.
    at Iu (https://i.hh.ru/build/vendors.ca5c03e52c92a0fb.js:58:120646)
    at bl (https://i.hh.ru/build/vendors.ca5c03e52c92a0fb.js:58:108518)
    at yl (https://i.hh.ru/build/vendors.ca5c03e52c92a0fb.js:58:108446)
    at _l (https://i.hh.ru/build/vendors.ca5c03e52c92a0fb.js:58:108309)
    at al (https://i.hh.ru/build/vendors.ca5c03e52c92a0fb.js:58:105144)
    at il (https://i.hh.ru/build/vendors.ca5c03e52c92a0fb.js:58:103699)
    at E (https://i.hh.ru/build/vendors.ca5c03e52c92a0fb.js:94:1364)
    at O (https://i.hh.ru/build/vendors.ca5c03e52c92a0fb.js:94:1896)
    at k.<computed> (https://i.hh.ru/build/vendors.ca5c03e52c92a0fb.js:103:49876)
    at T (https://i.hh.ru/build/vendors.ca5c03e52c92a0fb.js:103:49645)
    at MessagePort.P (https://i.hh.ru/build/vendors.ca5c03e52c92a0fb.js:103:49704)
[    3181ms] [LOG] auto_open_controller_script from Edge @ :0
[    3193ms] [LOG] Undefined event - portfolio_51924_exp @ https://cdn.uxfeedback.ru/assets-6.13.0/1.f83863947bcc13da6f93.js:0
[    4471ms] [INFO] Images loaded lazily and replaced with placeholders. Load events are deferred. See https://go.microsoft.com/fwlink/?linkid=2048113 @ https://career.hh.ru/static/fallbackSharedVendors.ef809f92d740ae45.js:9
