[    1421ms] [ERROR] Error: Minified React error #418; visit https://reactjs.org/docs/error-decoder.html?invariant=418 for the full message or use the non-minified dev environment for full errors and additional helpful warnings.
    at ci (https://i.rabota.by/build/vendors.824f635811889e32.js:58:48122)
    at Iu (https://i.rabota.by/build/vendors.824f635811889e32.js:58:120960)
    at bl (https://i.rabota.by/build/vendors.824f635811889e32.js:58:108518)
    at yl (https://i.rabota.by/build/vendors.824f635811889e32.js:58:108446)
    at _l (https://i.rabota.by/build/vendors.824f635811889e32.js:58:108309)
    at il (https://i.rabota.by/build/vendors.824f635811889e32.js:58:103472)
    at E (https://i.rabota.by/build/vendors.824f635811889e32.js:94:1364)
    at O (https://i.rabota.by/build/vendors.824f635811889e32.js:94:1896)
    at k.<computed> (https://i.rabota.by/build/vendors.824f635811889e32.js:103:49876)
    at T (https://i.rabota.by/build/vendors.824f635811889e32.js:103:49645)
    at MessagePort.P (https://i.rabota.by/build/vendors.824f635811889e32.js:103:49704) @ https://i.rabota.by/build/appEntryPoint.899879b1799b48da.js:0
[    1428ms] [ERROR] Error: Minified React error #418; visit https://reactjs.org/docs/error-decoder.html?invariant=418 for the full message or use the non-minified dev environment for full errors and additional helpful warnings.
    at ci (https://i.rabota.by/build/vendors.824f635811889e32.js:58:48122)
    at Iu (https://i.rabota.by/build/vendors.824f635811889e32.js:58:120960)
    at bl (https://i.rabota.by/build/vendors.824f635811889e32.js:58:108518)
    at yl (https://i.rabota.by/build/vendors.824f635811889e32.js:58:108446)
    at _l (https://i.rabota.by/build/vendors.824f635811889e32.js:58:108309)
    at il (https://i.rabota.by/build/vendors.824f635811889e32.js:58:103472)
    at E (https://i.rabota.by/build/vendors.824f635811889e32.js:94:1364)
    at O (https://i.rabota.by/build/vendors.824f635811889e32.js:94:1896)
    at k.<computed> (https://i.rabota.by/build/vendors.824f635811889e32.js:103:49876)
    at T (https://i.rabota.by/build/vendors.824f635811889e32.js:103:49645)
    at MessagePort.P (https://i.rabota.by/build/vendors.824f635811889e32.js:103:49704) @ https://i.rabota.by/build/appEntryPoint.899879b1799b48da.js:0
[    1431ms] [ERROR] Error: Minified React error #425; visit https://reactjs.org/docs/error-decoder.html?invariant=425 for the full message or use the non-minified dev environment for full errors and additional helpful warnings.
    at Jr (https://i.rabota.by/build/vendors.824f635811889e32.js:58:43428)
    at Zs (https://i.rabota.by/build/vendors.824f635811889e32.js:58:84687)
    at wl (https://i.rabota.by/build/vendors.824f635811889e32.js:58:108839)
    at bl (https://i.rabota.by/build/vendors.824f635811889e32.js:58:108579)
    at yl (https://i.rabota.by/build/vendors.824f635811889e32.js:58:108446)
    at _l (https://i.rabota.by/build/vendors.824f635811889e32.js:58:108309)
    at il (https://i.rabota.by/build/vendors.824f635811889e32.js:58:103472)
    at E (https://i.rabota.by/build/vendors.824f635811889e32.js:94:1364)
    at O (https://i.rabota.by/build/vendors.824f635811889e32.js:94:1896)
    at k.<computed> (https://i.rabota.by/build/vendors.824f635811889e32.js:103:49876)
    at T (https://i.rabota.by/build/vendors.824f635811889e32.js:103:49645)
    at MessagePort.P (https://i.rabota.by/build/vendors.824f635811889e32.js:103:49704) @ https://i.rabota.by/build/appEntryPoint.899879b1799b48da.js:0
[    1433ms] [ERROR] Error: Minified React error #418; visit https://reactjs.org/docs/error-decoder.html?invariant=418 for the full message or use the non-minified dev environment for full errors and additional helpful warnings.
    at ci (https://i.rabota.by/build/vendors.824f635811889e32.js:58:48122)
    at Iu (https://i.rabota.by/build/vendors.824f635811889e32.js:58:120960)
    at bl (https://i.rabota.by/build/vendors.824f635811889e32.js:58:108518)
    at yl (https://i.rabota.by/build/vendors.824f635811889e32.js:58:108446)
    at _l (https://i.rabota.by/build/vendors.824f635811889e32.js:58:108309)
    at il (https://i.rabota.by/build/vendors.824f635811889e32.js:58:103472)
    at E (https://i.rabota.by/build/vendors.824f635811889e32.js:94:1364)
    at O (https://i.rabota.by/build/vendors.824f635811889e32.js:94:1896)
    at k.<computed> (https://i.rabota.by/build/vendors.824f635811889e32.js:103:49876)
    at T (https://i.rabota.by/build/vendors.824f635811889e32.js:103:49645)
    at MessagePort.P (https://i.rabota.by/build/vendors.824f635811889e32.js:103:49704) @ https://i.rabota.by/build/appEntryPoint.899879b1799b48da.js:0
[    1434ms] [ERROR] Error: Minified React error #418; visit https://reactjs.org/docs/error-decoder.html?invariant=418 for the full message or use the non-minified dev environment for full errors and additional helpful warnings.
    at ci (https://i.rabota.by/build/vendors.824f635811889e32.js:58:48122)
    at Iu (https://i.rabota.by/build/vendors.824f635811889e32.js:58:120960)
    at bl (https://i.rabota.by/build/vendors.824f635811889e32.js:58:108518)
    at yl (https://i.rabota.by/build/vendors.824f635811889e32.js:58:108446)
    at _l (https://i.rabota.by/build/vendors.824f635811889e32.js:58:108309)
    at il (https://i.rabota.by/build/vendors.824f635811889e32.js:58:103472)
    at E (https://i.rabota.by/build/vendors.824f635811889e32.js:94:1364)
    at O (https://i.rabota.by/build/vendors.824f635811889e32.js:94:1896)
    at k.<computed> (https://i.rabota.by/build/vendors.824f635811889e32.js:103:49876)
    at T (https://i.rabota.by/build/vendors.824f635811889e32.js:103:49645)
    at MessagePort.P (https://i.rabota.by/build/vendors.824f635811889e32.js:103:49704) @ https://i.rabota.by/build/appEntryPoint.899879b1799b48da.js:0
[    1436ms] [ERROR] Error: Minified React error #418; visit https://reactjs.org/docs/error-decoder.html?invariant=418 for the full message or use the non-minified dev environment for full errors and additional helpful warnings.
    at ci (https://i.rabota.by/build/vendors.824f635811889e32.js:58:48122)
    at Iu (https://i.rabota.by/build/vendors.824f635811889e32.js:58:120960)
    at bl (https://i.rabota.by/build/vendors.824f635811889e32.js:58:108518)
    at yl (https://i.rabota.by/build/vendors.824f635811889e32.js:58:108446)
    at _l (https://i.rabota.by/build/vendors.824f635811889e32.js:58:108309)
    at il (https://i.rabota.by/build/vendors.824f635811889e32.js:58:103472)
    at E (https://i.rabota.by/build/vendors.824f635811889e32.js:94:1364)
    at O (https://i.rabota.by/build/vendors.824f635811889e32.js:94:1896)
    at k.<computed> (https://i.rabota.by/build/vendors.824f635811889e32.js:103:49876)
    at T (https://i.rabota.by/build/vendors.824f635811889e32.js:103:49645)
    at MessagePort.P (https://i.rabota.by/build/vendors.824f635811889e32.js:103:49704) @ https://i.rabota.by/build/appEntryPoint.899879b1799b48da.js:0
[    1437ms] [ERROR] Error: Minified React error #418; visit https://reactjs.org/docs/error-decoder.html?invariant=418 for the full message or use the non-minified dev environment for full errors and additional helpful warnings.
    at ci (https://i.rabota.by/build/vendors.824f635811889e32.js:58:48122)
    at Iu (https://i.rabota.by/build/vendors.824f635811889e32.js:58:120960)
    at bl (https://i.rabota.by/build/vendors.824f635811889e32.js:58:108518)
    at yl (https://i.rabota.by/build/vendors.824f635811889e32.js:58:108446)
    at _l (https://i.rabota.by/build/vendors.824f635811889e32.js:58:108309)
    at il (https://i.rabota.by/build/vendors.824f635811889e32.js:58:103472)
    at E (https://i.rabota.by/build/vendors.824f635811889e32.js:94:1364)
    at O (https://i.rabota.by/build/vendors.824f635811889e32.js:94:1896)
    at k.<computed> (https://i.rabota.by/build/vendors.824f635811889e32.js:103:49876)
    at T (https://i.rabota.by/build/vendors.824f635811889e32.js:103:49645)
    at MessagePort.P (https://i.rabota.by/build/vendors.824f635811889e32.js:103:49704) @ https://i.rabota.by/build/appEntryPoint.899879b1799b48da.js:0
[    1438ms] [ERROR] Error: Minified React error #418; visit https://reactjs.org/docs/error-decoder.html?invariant=418 for the full message or use the non-minified dev environment for full errors and additional helpful warnings.
    at ci (https://i.rabota.by/build/vendors.824f635811889e32.js:58:48122)
    at Iu (https://i.rabota.by/build/vendors.824f635811889e32.js:58:120960)
    at bl (https://i.rabota.by/build/vendors.824f635811889e32.js:58:108518)
    at yl (https://i.rabota.by/build/vendors.824f635811889e32.js:58:108446)
    at _l (https://i.rabota.by/build/vendors.824f635811889e32.js:58:108309)
    at il (https://i.rabota.by/build/vendors.824f635811889e32.js:58:103472)
    at E (https://i.rabota.by/build/vendors.824f635811889e32.js:94:1364)
    at O (https://i.rabota.by/build/vendors.824f635811889e32.js:94:1896)
    at k.<computed> (https://i.rabota.by/build/vendors.824f635811889e32.js:103:49876)
    at T (https://i.rabota.by/build/vendors.824f635811889e32.js:103:49645)
    at MessagePort.P (https://i.rabota.by/build/vendors.824f635811889e32.js:103:49704) @ https://i.rabota.by/build/appEntryPoint.899879b1799b48da.js:0
[    1440ms] [ERROR] Error: Minified React error #418; visit https://reactjs.org/docs/error-decoder.html?invariant=418 for the full message or use the non-minified dev environment for full errors and additional helpful warnings.
    at ci (https://i.rabota.by/build/vendors.824f635811889e32.js:58:48122)
    at Iu (https://i.rabota.by/build/vendors.824f635811889e32.js:58:120960)
    at bl (https://i.rabota.by/build/vendors.824f635811889e32.js:58:108518)
    at yl (https://i.rabota.by/build/vendors.824f635811889e32.js:58:108446)
    at _l (https://i.rabota.by/build/vendors.824f635811889e32.js:58:108309)
    at il (https://i.rabota.by/build/vendors.824f635811889e32.js:58:103472)
    at E (https://i.rabota.by/build/vendors.824f635811889e32.js:94:1364)
    at O (https://i.rabota.by/build/vendors.824f635811889e32.js:94:1896)
    at k.<computed> (https://i.rabota.by/build/vendors.824f635811889e32.js:103:49876)
    at T (https://i.rabota.by/build/vendors.824f635811889e32.js:103:49645)
    at MessagePort.P (https://i.rabota.by/build/vendors.824f635811889e32.js:103:49704) @ https://i.rabota.by/build/appEntryPoint.899879b1799b48da.js:0
[    1441ms] [ERROR] Error: Minified React error #418; visit https://reactjs.org/docs/error-decoder.html?invariant=418 for the full message or use the non-minified dev environment for full errors and additional helpful warnings.
    at ci (https://i.rabota.by/build/vendors.824f635811889e32.js:58:48122)
    at Iu (https://i.rabota.by/build/vendors.824f635811889e32.js:58:120960)
    at bl (https://i.rabota.by/build/vendors.824f635811889e32.js:58:108518)
    at yl (https://i.rabota.by/build/vendors.824f635811889e32.js:58:108446)
    at _l (https://i.rabota.by/build/vendors.824f635811889e32.js:58:108309)
    at il (https://i.rabota.by/build/vendors.824f635811889e32.js:58:103472)
    at E (https://i.rabota.by/build/vendors.824f635811889e32.js:94:1364)
    at O (https://i.rabota.by/build/vendors.824f635811889e32.js:94:1896)
    at k.<computed> (https://i.rabota.by/build/vendors.824f635811889e32.js:103:49876)
    at T (https://i.rabota.by/build/vendors.824f635811889e32.js:103:49645)
    at MessagePort.P (https://i.rabota.by/build/vendors.824f635811889e32.js:103:49704) @ https://i.rabota.by/build/appEntryPoint.899879b1799b48da.js:0
[    1443ms] [ERROR] Error: Minified React error #418; visit https://reactjs.org/docs/error-decoder.html?invariant=418 for the full message or use the non-minified dev environment for full errors and additional helpful warnings.
    at ci (https://i.rabota.by/build/vendors.824f635811889e32.js:58:48122)
    at Iu (https://i.rabota.by/build/vendors.824f635811889e32.js:58:120960)
    at bl (https://i.rabota.by/build/vendors.824f635811889e32.js:58:108518)
    at yl (https://i.rabota.by/build/vendors.824f635811889e32.js:58:108446)
    at _l (https://i.rabota.by/build/vendors.824f635811889e32.js:58:108309)
    at il (https://i.rabota.by/build/vendors.824f635811889e32.js:58:103472)
    at E (https://i.rabota.by/build/vendors.824f635811889e32.js:94:1364)
    at O (https://i.rabota.by/build/vendors.824f635811889e32.js:94:1896)
    at k.<computed> (https://i.rabota.by/build/vendors.824f635811889e32.js:103:49876)
    at T (https://i.rabota.by/build/vendors.824f635811889e32.js:103:49645)
    at MessagePort.P (https://i.rabota.by/build/vendors.824f635811889e32.js:103:49704) @ https://i.rabota.by/build/appEntryPoint.899879b1799b48da.js:0
[    1444ms] [ERROR] Error: Minified React error #418; visit https://reactjs.org/docs/error-decoder.html?invariant=418 for the full message or use the non-minified dev environment for full errors and additional helpful warnings.
    at ci (https://i.rabota.by/build/vendors.824f635811889e32.js:58:48122)
    at Iu (https://i.rabota.by/build/vendors.824f635811889e32.js:58:120960)
    at bl (https://i.rabota.by/build/vendors.824f635811889e32.js:58:108518)
    at yl (https://i.rabota.by/build/vendors.824f635811889e32.js:58:108446)
    at _l (https://i.rabota.by/build/vendors.824f635811889e32.js:58:108309)
    at il (https://i.rabota.by/build/vendors.824f635811889e32.js:58:103472)
    at E (https://i.rabota.by/build/vendors.824f635811889e32.js:94:1364)
    at O (https://i.rabota.by/build/vendors.824f635811889e32.js:94:1896)
    at k.<computed> (https://i.rabota.by/build/vendors.824f635811889e32.js:103:49876)
    at T (https://i.rabota.by/build/vendors.824f635811889e32.js:103:49645)
    at MessagePort.P (https://i.rabota.by/build/vendors.824f635811889e32.js:103:49704) @ https://i.rabota.by/build/appEntryPoint.899879b1799b48da.js:0
[    1445ms] [ERROR] Error: Minified React error #423; visit https://reactjs.org/docs/error-decoder.html?invariant=423 for the full message or use the non-minified dev environment for full errors and additional helpful warnings.
    at Iu (https://i.rabota.by/build/vendors.824f635811889e32.js:58:120646)
    at bl (https://i.rabota.by/build/vendors.824f635811889e32.js:58:108518)
    at yl (https://i.rabota.by/build/vendors.824f635811889e32.js:58:108446)
    at _l (https://i.rabota.by/build/vendors.824f635811889e32.js:58:108309)
    at al (https://i.rabota.by/build/vendors.824f635811889e32.js:58:105144)
    at il (https://i.rabota.by/build/vendors.824f635811889e32.js:58:103699)
    at E (https://i.rabota.by/build/vendors.824f635811889e32.js:94:1364)
    at O (https://i.rabota.by/build/vendors.824f635811889e32.js:94:1896)
    at k.<computed> (https://i.rabota.by/build/vendors.824f635811889e32.js:103:49876)
    at T (https://i.rabota.by/build/vendors.824f635811889e32.js:103:49645)
    at MessagePort.P (https://i.rabota.by/build/vendors.824f635811889e32.js:103:49704) @ https://i.rabota.by/build/appEntryPoint.899879b1799b48da.js:0
[   63388ms] [WARNING] You navigate from the same website @ https://i.rabota.by/js/External/smart-script.js:0
