[    1383ms] [INFO] Images loaded lazily and replaced with placeholders. Load events are deferred. See https://go.microsoft.com/fwlink/?linkid=2048113 @ https://recent.design/?ref=godly:0
[   22940ms] [ERROR] Failed to load resource: net::ERR_CONNECTION_RESET @ https://godly.website/:0
[   30384ms] [ERROR] Failed to load resource: net::ERR_CONNECTION_CLOSED @ https://recent.design/assets/main-CPAWlKfq.js:0
[   30412ms] [ERROR] Failed to load resource: net::ERR_CONNECTION_CLOSED @ https://recent.design/assets/route-DgtuAbta.js:0
[   30413ms] [ERROR] Failed to load resource: net::ERR_CONNECTION_CLOSED @ https://recent.design/assets/auth-dialog-context-BL1_WzHD.js:0
[   30413ms] [ERROR] Failed to load resource: net::ERR_CONNECTION_CLOSED @ https://recent.design/assets/presence-anchor-BqPpRJJ6.js:0
[   30413ms] [ERROR] Failed to load resource: net::ERR_CONNECTION_CLOSED @ https://recent.design/assets/tokens.stylex-Dsf9ZjBz.js:0
[   30413ms] [ERROR] Failed to load resource: net::ERR_CONNECTION_CLOSED @ https://recent.design/assets/index-Ct4xMYVA.js:0
[   30414ms] [ERROR] Failed to load resource: net::ERR_CONNECTION_CLOSED @ https://recent.design/assets/sidebar-account-BtrtCcXG.js:0
[   30414ms] [ERROR] Failed to load resource: net::ERR_CONNECTION_CLOSED @ https://recent.design/assets/item-url-D-ymxxp9.js:0
[   30414ms] [ERROR] Failed to load resource: net::ERR_CONNECTION_CLOSED @ https://recent.design/assets/sidebar-navigation-X-ixTfxO.js:0
[   30414ms] [ERROR] Failed to load resource: net::ERR_CONNECTION_CLOSED @ https://recent.design/assets/sidebar-sponsor-card-content-BqLHV1jy.js:0
[   30414ms] [ERROR] Failed to load resource: net::ERR_CONNECTION_CLOSED @ https://recent.design/assets/use-sponsor-impression-BT0IEKRu.js:0
[   30414ms] [ERROR] Failed to load resource: net::ERR_CONNECTION_CLOSED @ https://recent.design/assets/index-Bt_-u94J.js:0
[   30415ms] [ERROR] Failed to load resource: net::ERR_CONNECTION_CLOSED @ https://recent.design/assets/use-scroll-fade-mask-Dndm590Y.js:0
[   30415ms] [ERROR] Failed to load resource: net::ERR_CONNECTION_CLOSED @ https://recent.design/assets/auth-error-CKub95fb.js:0
[   30415ms] [ERROR] Failed to load resource: net::ERR_CONNECTION_CLOSED @ https://recent.design/assets/use-login-CZjykHnC.js:0
[   30415ms] [ERROR] Failed to load resource: net::ERR_CONNECTION_CLOSED @ https://recent.design/assets/index-BJ8R5l1D.js:0
[   30415ms] [ERROR] Failed to load resource: net::ERR_CONNECTION_CLOSED @ https://recent.design/assets/auth-artwork-model-BDE-J_eE.js:0
[   30415ms] [ERROR] Failed to load resource: net::ERR_CONNECTION_CLOSED @ https://recent.design/assets/media-url-DsDufp_x.js:0
[   30415ms] [ERROR] Failed to load resource: net::ERR_CONNECTION_CLOSED @ https://recent.design/assets/loading-mask-BJPKUzGA.js:0
[   30415ms] [ERROR] Failed to load resource: net::ERR_CONNECTION_CLOSED @ https://recent.design/assets/one-time-code-input-CL4c3fjk.js:0
[   30415ms] [ERROR] Failed to load resource: net::ERR_CONNECTION_CLOSED @ https://recent.design/assets/dialog-C_EuXt3i.js:0
[   30416ms] [ERROR] Failed to load resource: net::ERR_CONNECTION_CLOSED @ https://recent.design/assets/index-DVwGGVBF.js:0
[   30416ms] [ERROR] Failed to load resource: net::ERR_CONNECTION_CLOSED @ https://recent.design/assets/useInteractions-C9TXWxfK.js:0
[   30416ms] [ERROR] Failed to load resource: net::ERR_CONNECTION_CLOSED @ https://recent.design/assets/useOpenInteractionType-BQdJb34w.js:0
[   30416ms] [ERROR] Failed to load resource: net::ERR_CONNECTION_CLOSED @ https://recent.design/assets/composite-C6yxMmzr.js:0
[   30416ms] [ERROR] Failed to load resource: net::ERR_CONNECTION_CLOSED @ https://recent.design/assets/input-DY1TIylC.js:0
[   30416ms] [ERROR] Failed to load resource: net::ERR_CONNECTION_CLOSED @ https://recent.design/assets/useMutation-DWzTyDFU.js:0
[   30416ms] [ERROR] Failed to load resource: net::ERR_CONNECTION_CLOSED @ https://recent.design/assets/checkbox-Dr7v0bHC.js:0
[   30416ms] [ERROR] Failed to load resource: net::ERR_CONNECTION_CLOSED @ https://recent.design/assets/index-D2LsIYUg.js:0
[   30416ms] [ERROR] Failed to load resource: net::ERR_CONNECTION_CLOSED @ https://recent.design/assets/CompositeList-ZII1MXv1.js:0
[   30417ms] [ERROR] Failed to load resource: net::ERR_CONNECTION_CLOSED @ https://recent.design/assets/index-De8ySGP6.js:0
[   71002ms] [ERROR] Failed to load resource: net::ERR_CONNECTION_TIMED_OUT @ https://cdn.recent.design/items/jfxde18/0/poster/360.webp:0
[   71299ms] [ERROR] Failed to load resource: net::ERR_CONNECTION_TIMED_OUT @ https://recent.design/assets/app-EI7oLUDT.css:0
[   87658ms] [ERROR] Failed to load resource: net::ERR_CONNECTION_RESET @ https://cdn.recent.design/items/mqrqoqq/0/poster/360.webp:0
[   87660ms] [ERROR] Failed to load resource: net::ERR_CONNECTION_RESET @ https://cdn.recent.design/entities/47e6021f-6891-4e16-ae11-d76067d1a8e3/avatar/2e5633ecaed6041db985/32.webp:0
[   87661ms] [ERROR] Failed to load resource: net::ERR_CONNECTION_RESET @ https://cdn.recent.design/sponsors/ehra387/logo/0237aeacfa294bd4/32.jpg:0
[   87690ms] [ERROR] Failed to load resource: net::ERR_CONNECTION_RESET @ https://cdn.recent.design/entities/0ee66aeb-77c3-4d72-bad8-6ad4af696111/avatar/94a6b2816d242cdb0bdc/32.webp:0
[   87999ms] [ERROR] Failed to load resource: net::ERR_CONNECTION_RESET @ https://cdn.recent.design/entities/3e0b790d-eed8-4bfa-a3aa-1a9fd566e11e/logo/b368bb02547ba9b18543/448.png:0
[   88016ms] [ERROR] Failed to load resource: net::ERR_CONNECTION_RESET @ https://recent.design/assets/copy-button-B03X60JV.js:0
[   88017ms] [ERROR] Failed to load resource: net::ERR_CONNECTION_RESET @ https://recent.design/assets/index-C-EsiObI.js:0
[   88045ms] [ERROR] Failed to load resource: net::ERR_CONNECTION_RESET @ https://recent.design/assets/save-button-lP1Ae7bP.js:0
[   88061ms] [ERROR] Failed to load resource: net::ERR_CONNECTION_RESET @ https://recent.design/assets/user-avatar-CRo9R41F.js:0
[   88312ms] [ERROR] Failed to load resource: net::ERR_CONNECTION_RESET @ https://recent.design/assets/media-dropzone-Ce6-6gw_.js:0
[  109065ms] [ERROR] Failed to load resource: net::ERR_CONNECTION_RESET @ https://cdn.recent.design/entities/c9a89b2d-b988-408c-9e92-e20049d7c7ea/logo/e8dc40642957fcf5b6f7/180.png:0
[  109359ms] [ERROR] Failed to load resource: net::ERR_CONNECTION_RESET @ https://recent.design/assets/feed-sponsor-widget-BHqXmYiG.js:0
[  125704ms] [ERROR] Failed to load resource: net::ERR_CONNECTION_RESET @ https://cdn.recent.design/entities/370e285d-35f8-43b2-9ab5-eb83e9d3b548/logo/3cc909aba16ad68556e2/512.png:0
[  125719ms] [ERROR] Failed to load resource: net::ERR_CONNECTION_RESET @ https://cdn.recent.design/entities/b4ca45dd-9629-4247-beaf-3af292b9cef8/logo/8181060b6a72ed6c7f53/512.png:0
[  125734ms] [ERROR] Failed to load resource: net::ERR_CONNECTION_RESET @ https://cdn.recent.design/entities/ef5f5c99-c5ba-4237-b960-0807723c9c1c/logo/db99764f477e88515fc7/411.png:0
[  126011ms] [ERROR] Failed to load resource: net::ERR_CONNECTION_RESET @ https://cdn.recent.design/entities/eb0006d1-6281-4ae5-b114-d722a7d3769a/logo/4063105d0811d04f4941/512.png:0
[  126042ms] [ERROR] Failed to load resource: net::ERR_CONNECTION_RESET @ https://cdn.recent.design/entities/e64c2b35-749a-4a5a-8fa6-d797a492dc77/avatar/5993a39f01dfbce8b48f/32.webp:0
[  126058ms] [ERROR] Failed to load resource: net::ERR_CONNECTION_RESET @ https://recent.design/assets/feed-toolbar-DblsW_uW.js:0
[  126090ms] [ERROR] Failed to load resource: net::ERR_CONNECTION_RESET @ https://recent.design/assets/use-engagement-impression-DkEzQnCL.js:0
[  126370ms] [ERROR] Failed to load resource: net::ERR_CONNECTION_RESET @ https://recent.design/assets/feed-item-dialog-v5ZPrEN0.js:0
[  126434ms] [ERROR] Failed to load resource: net::ERR_CONNECTION_RESET @ https://recent.design/assets/useLabelableId-DcC8ZuEb.js:0
[  126669ms] [ERROR] Failed to load resource: net::ERR_CONNECTION_RESET @ https://recent.design/assets/arrow-button-CTZIsXi0.js:0
[  147116ms] [ERROR] Failed to load resource: net::ERR_CONNECTION_RESET @ https://cdn.recent.design/entities/b67bdbc6-f287-4c00-bd24-e3f08b4b774d/logo/56231337fb8b1581d0c9/400.png:0
[  147741ms] [ERROR] Failed to load resource: net::ERR_CONNECTION_RESET @ https://recent.design/assets/avatar-Ca5R2veF.js:0
[  163793ms] [ERROR] Failed to load resource: net::ERR_CONNECTION_RESET @ https://cdn.recent.design/entities/0c9b6e8b-d92c-4cc2-bb76-ba12c14d9f1e/logo/907abf537ded6b446a6b/320.png:0
[  163803ms] [ERROR] Failed to load resource: net::ERR_CONNECTION_RESET @ https://cdn.recent.design/entities/9744e3ae-cc75-4883-b377-2321fb16280b/logo/44e02320c5f06e3d9bf2/512.png:0
[  164092ms] [ERROR] Failed to load resource: net::ERR_CONNECTION_RESET @ https://cdn.recent.design/entities/aa806ae4-ce35-458f-a3b3-7eaa7bb1a7b3/avatar/33dbd40e510282e3978a/32.webp:0
[  164094ms] [ERROR] Failed to load resource: net::ERR_CONNECTION_RESET @ https://cdn.recent.design/entities/1ea5a8b5-aa9c-4a80-93f7-d60beb9ea292/avatar/96f774f43046a36b7d7a/32.webp:0
[  164108ms] [ERROR] Failed to load resource: net::ERR_CONNECTION_RESET @ https://cdn.recent.design/entities/0e748143-cb82-4465-8f9b-de3b6eabcb20/avatar/03efe71fbdf2e86e55d4/32.webp:0
[  164135ms] [ERROR] Failed to load resource: net::ERR_CONNECTION_RESET @ https://recent.design/assets/index-b6IojiI5.js:0
[  164166ms] [ERROR] Failed to load resource: net::ERR_CONNECTION_RESET @ https://recent.design/assets/index-D81pI71B.js:0
[  164744ms] [ERROR] Failed to load resource: net::ERR_CONNECTION_RESET @ https://recent.design/assets/load-more-TimXLbYv.js:0
[  164767ms] [ERROR] Failed to load resource: net::ERR_CONNECTION_RESET @ https://recent.design/assets/feed-media-slide-odxsR47A.js:0
[  164826ms] [ERROR] Failed to load resource: net::ERR_CONNECTION_RESET @ https://recent.design/assets/wrap-93fE8xgp.js:0
[  168482ms] [ERROR] Failed to load resource: net::ERR_CONNECTION_TIMED_OUT @ https://cdn.recent.design/entities/5feba920-2179-4cec-9b71-03b3caf48091/avatar/e6e12f0e31f875e51a24/32.webp:0
[  185796ms] [ERROR] Failed to load resource: net::ERR_CONNECTION_RESET @ https://recent.design/assets/feed-masonry-B69UjYAM.js:0
[  201868ms] [ERROR] Failed to load resource: net::ERR_CONNECTION_RESET @ https://cdn.recent.design/entities/aee479bd-8c34-4a11-8287-a733660b5113/avatar/5251b81ac7e8630a6b16/32.webp:0
[  202165ms] [ERROR] Failed to load resource: net::ERR_CONNECTION_RESET @ https://cdn.recent.design/entities/262fb92a-cb0d-4e12-9aed-46885ed642e4/avatar/1b4969092786262c836e/32.webp:0
[  202169ms] [ERROR] Failed to load resource: net::ERR_CONNECTION_RESET @ https://cdn.recent.design/entities/3420f593-7665-462d-a9fc-a4840e5ad27f/avatar/6f47e7642d330ef1b66b/32.webp:0
[  202198ms] [ERROR] Failed to load resource: net::ERR_CONNECTION_RESET @ https://recent.design/assets/use-body-scroll-lock-CthnVwF4.js:0
[  202477ms] [ERROR] Failed to load resource: net::ERR_CONNECTION_RESET @ https://cdn.recent.design/entities/fe688ee1-00dc-41ce-8555-0a6b72a38579/avatar/d39b758f32b6db4cd7f9/32.webp:0
[  202772ms] [ERROR] Failed to load resource: net::ERR_CONNECTION_RESET @ https://cdn.recent.design/entities/1b69d727-2c6b-44e4-98f2-51b86c38c9a0/avatar/8e14a89fadc37a8a3a6d/32.webp:0
[  202804ms] [ERROR] Failed to load resource: net::ERR_CONNECTION_RESET @ https://recent.design/assets/sponsor-wall-ojm53m5I.js:0
[  202851ms] [ERROR] Failed to load resource: net::ERR_CONNECTION_RESET @ https://recent.design/assets/use-relative-time-DjOhgXJa.js:0
[  202897ms] [ERROR] Failed to load resource: net::ERR_CONNECTION_RESET @ https://recent.design/assets/menu-DglmJ6dg.js:0
[  204577ms] [ERROR] Failed to load resource: net::ERR_CONNECTION_TIMED_OUT @ https://recent.design/assets/useListNavigation-Bo19Z04z.js:0
[  206566ms] [ERROR] Failed to load resource: net::ERR_CONNECTION_RESET @ https://cdn.recent.design/entities/f0b4c556-657b-4c52-9a7b-90d22f31cc56/avatar/4069c80a389bcbbd74ab/32.webp:0
[  223862ms] [ERROR] Failed to load resource: net::ERR_CONNECTION_RESET @ https://recent.design/assets/morph-text-CEh7xe02.js:0
[  225923ms] [ERROR] Failed to load resource: net::ERR_CONNECTION_TIMED_OUT @ https://recent.design/assets/staff-pick-badge-4tXRLBSh.js:0
[  239924ms] [ERROR] Failed to load resource: net::ERR_CONNECTION_RESET @ https://cdn.recent.design/entities/ed54702a-19c2-43de-a25d-040bf1782429/avatar/5e6af60dc3eace9fbf55/32.webp:0
[  240236ms] [ERROR] Failed to load resource: net::ERR_CONNECTION_RESET @ https://cdn.recent.design/entities/e4fd2492-7e8e-4fad-863e-75a7023d6c33/avatar/fce0ebccb9ad45967f23/32.webp:0
[  240517ms] [ERROR] Failed to load resource: net::ERR_CONNECTION_RESET @ https://cdn.recent.design/entities/9c1d8caa-9b6a-42b0-82d0-c471fc75bdf4/avatar/054843f01ad7072aa2d2/32.webp:0
[  240548ms] [ERROR] Failed to load resource: net::ERR_CONNECTION_RESET @ https://recent.design/assets/pill-nWyvPzSG.js:0
[  240864ms] [ERROR] Failed to load resource: net::ERR_CONNECTION_RESET @ https://recent.design/assets/item-metadata-labels-B6g6rlt3.js:0
[  240912ms] [ERROR] Failed to load resource: net::ERR_CONNECTION_RESET @ https://recent.design/assets/CompositeItem-6HdqDF-t.js:0
[  241132ms] [ERROR] Failed to load resource: net::ERR_CONNECTION_RESET @ https://cdn.recent.design/entities/101ed618-1f9d-48b2-8278-6ece02c5ab7e/avatar/f3922aa90c530607ac56/32.webp:0
[  241258ms] [ERROR] Failed to load resource: net::ERR_CONNECTION_RESET @ https://recent.design/assets/feed-card-Cj-ebG47.js:0
[  242856ms] [ERROR] Failed to load resource: net::ERR_CONNECTION_TIMED_OUT @ https://cdn.recent.design/entities/bc623051-e43b-4e50-98e1-71ef08cff112/avatar/eae060daf167e842e641/32.webp:0
[  261938ms] [ERROR] Failed to load resource: net::ERR_CONNECTION_RESET @ https://recent.design/assets/job-url-Bz0YQM-X.js:0
[  264018ms] [ERROR] Failed to load resource: net::ERR_CONNECTION_RESET @ https://recent.design/assets/tool-card-BDVyQfwh.js:0
[  278942ms] [ERROR] Failed to load resource: net::ERR_CONNECTION_RESET @ https://recent.design/assets/radio-BRtHU8d2.js:0
[  278957ms] [ERROR] Failed to load resource: net::ERR_CONNECTION_RESET @ https://recent.design/assets/index-CWJTmMWi.js:0
[  278988ms] [ERROR] Failed to load resource: net::ERR_CONNECTION_RESET @ https://recent.design/assets/feed-results-B4OAmks3.js:0
[  279392ms] [ERROR] Failed to load resource: net::ERR_CONNECTION_RESET @ https://recent.design/assets/index-DZ0GUCYD.js:0
[  300016ms] [ERROR] Failed to load resource: net::ERR_CONNECTION_RESET @ https://recent.design/assets/compact-page-header-BbwQX9Wi.js:0
[  302378ms] [ERROR] Failed to load resource: net::ERR_CONNECTION_RESET @ https://recent.design/assets/index-Ui75dodm.js:0
[  396240ms] [ERROR] Failed to load resource: net::ERR_CONNECTION_RESET @ https://cdn.recent.design/sponsors/df3g3hm/campaign/724408b85ec159fd/poster/360.webp:0
[  798813ms] [ERROR] Failed to load resource: net::ERR_HTTP2_PING_FAILED @ https://e.visitors.now/e:0
[  903823ms] [ERROR] Failed to load resource: net::ERR_HTTP2_PING_FAILED @ https://e.visitors.now/e:0
[ 1008811ms] [ERROR] Failed to load resource: net::ERR_HTTP2_PING_FAILED @ https://e.visitors.now/e:0
[ 1653868ms] [ERROR] Failed to load resource: net::ERR_HTTP2_PING_FAILED @ https://e.visitors.now/e:0
