[0911/104306.607:ERROR:net\disk_cache\cache_util_win.cc:25] Unable to move the cache: Отказано в доступе. (0x5)
[0911/104306.618:ERROR:net\disk_cache\disk_cache.cc:285] Unable to create cache
[0911/104306.618:ERROR:gpu\ipc\host\gpu_disk_cache.cc:737] Gpu Cache Creation failed: -2
[0911/104306.638:WARNING:content\browser\btm\btm_database.cc:128] Failed to initialize the DIPS SQLite database.
[0911/104306.643:ERROR:net\disk_cache\cache_util_win.cc:25] Unable to move the cache: Отказано в доступе. (0x5)
[0911/104306.642:ERROR:net\disk_cache\cache_util_win.cc:25] Unable to move the cache: Отказано в доступе. (0x5)
[0911/104306.643:ERROR:net\disk_cache\disk_cache.cc:285] Unable to create cache
[0911/104306.643:ERROR:gpu\ipc\host\gpu_disk_cache.cc:737] Gpu Cache Creation failed: -2
[0911/104306.643:ERROR:net\disk_cache\disk_cache.cc:285] Unable to create cache
[0911/104306.643:ERROR:gpu\ipc\host\gpu_disk_cache.cc:737] Gpu Cache Creation failed: -2
[0911/104308.627:WARNING:components\leveldb_proto\internal\leveldb_database.cc:102] Unable to open C:\Users\marcenuk\Desktop\Новый проект\scripts\browser-state\hh-profile\Default\shared_proto_db\metadata: IO error: C:\Users\marcenuk\Desktop\Новый проект\scripts\browser-state\hh-profile\Default\shared_proto_db\metadata/LOCK: Access denied. (ChromeMethodBFE: 15::LockFile::5)
[0911/104309.592:ERROR:components\services\storage\service_worker\service_worker_storage.cc:1814] Failed to delete the database: Database IO error
[0911/104310.646:WARNING:components\leveldb_proto\internal\leveldb_database.cc:102] Unable to open C:\Users\marcenuk\Desktop\Новый проект\scripts\browser-state\hh-profile\Default\shared_proto_db\metadata: IO error: C:\Users\marcenuk\Desktop\Новый проект\scripts\browser-state\hh-profile\Default\shared_proto_db\metadata/LOCK: Access denied. (ChromeMethodBFE: 15::LockFile::5)
[0911/104312.664:WARNING:components\leveldb_proto\internal\leveldb_database.cc:102] Unable to open C:\Users\marcenuk\Desktop\Новый проект\scripts\browser-state\hh-profile\Default\shared_proto_db\metadata: IO error: C:\Users\marcenuk\Desktop\Новый проект\scripts\browser-state\hh-profile\Default\shared_proto_db\metadata/LOCK: Access denied. (ChromeMethodBFE: 15::LockFile::5)
[0911/104313.154:INFO:CONSOLE:1] "Error: TargetAds Queue is empty", source: https://i.hh.ru/js/External/TargetAds_WebSDK.js?v=2.2 (1)
[0911/104313.415:INFO:CONSOLE:1] "Fetch API cannot load chrome-extension://gafchcnohalkhohnedifhjblhdhoppkg/content.css. URL scheme "chrome-extension" is not supported.", source: https://i.hh.ru/build/appEntryPoint.4c16ccceb42f21c3.js (1)
[0911/104313.416:INFO:CONSOLE:1] "Fetch API cannot load chrome-extension://lmajkdcdknelgehdmcldckonhndcodco/fonts/Lato/lato.css. URL scheme "chrome-extension" is not supported.", source: https://i.hh.ru/build/appEntryPoint.4c16ccceb42f21c3.js (1)
[0911/104314.692:WARNING:components\leveldb_proto\internal\leveldb_database.cc:102] Unable to open C:\Users\marcenuk\Desktop\Новый проект\scripts\browser-state\hh-profile\Default\shared_proto_db\metadata: IO error: C:\Users\marcenuk\Desktop\Новый проект\scripts\browser-state\hh-profile\Default\shared_proto_db\metadata/LOCK: Access denied. (ChromeMethodBFE: 15::LockFile::5)
[0911/104317.643:ERROR:storage\browser\quota\quota_database.cc:988] Could not open the quota database, resetting.
[0911/104320.628:ERROR:storage\browser\quota\quota_database.cc:988] Could not open the quota database, resetting.
[0911/104322.083:INFO:CONSOLE:1] "Undefined event - vacancy_search_quality_anonymous", source: https://cdn.uxfeedback.ru/assets-6.13.0/1.f83863947bcc13da6f93.js (1)
[0911/104322.083:INFO:CONSOLE:1] "Undefined event - vac_search_query_web", source: https://cdn.uxfeedback.ru/assets-6.13.0/1.f83863947bcc13da6f93.js (1)
[0911/104323.603:ERROR:storage\browser\quota\quota_database.cc:993] Failed to reset the quota database.
[0911/104323.603:ERROR:storage\browser\quota\quota_database.cc:993] Failed to reset the quota database.
[0911/104325.651:ERROR:storage\browser\file_system\sandbox_origin_database.cc:198] SandboxOriginDatabase failed at: Init@storage\browser\file_system\sandbox_origin_database.cc:95 with error: IO error: C:\Users\marcenuk\Desktop\Новый проект\scripts\browser-state\hh-profile\Default\File System\Origins/LOCK: Access denied. (ChromeMethodBFE: 15::LockFile::5)
[0911/104325.651:WARNING:storage\browser\file_system\sandbox_origin_database.cc:107] Attempting to repair SandboxOriginDatabase.
[0911/104325.653:ERROR:net\cert\internal\cert_issuer_source_aia.cc:36] Error parsing cert retrieved from AIA (as DER):
ERROR: Failed parsing Certificate SEQUENCE
ERROR: Failed parsing Certificate

[0911/104325.653:ERROR:net\cert\internal\cert_issuer_source_aia.cc:36] Error parsing cert retrieved from AIA (as DER):
ERROR: Failed parsing Certificate SEQUENCE
ERROR: Failed parsing Certificate

[0911/104325.683:ERROR:net\cert\internal\cert_issuer_source_aia.cc:36] Error parsing cert retrieved from AIA (as DER):
ERROR: Failed parsing Certificate SEQUENCE
ERROR: Failed parsing Certificate

[0911/104325.683:ERROR:net\cert\internal\cert_issuer_source_aia.cc:36] Error parsing cert retrieved from AIA (as DER):
ERROR: Failed parsing Certificate SEQUENCE
ERROR: Failed parsing Certificate

[0911/104325.695:ERROR:net\cert\internal\cert_issuer_source_aia.cc:36] Error parsing cert retrieved from AIA (as DER):
ERROR: Failed parsing Certificate SEQUENCE
ERROR: Failed parsing Certificate

[0911/104325.695:ERROR:net\cert\internal\cert_issuer_source_aia.cc:36] Error parsing cert retrieved from AIA (as DER):
ERROR: Failed parsing Certificate SEQUENCE
ERROR: Failed parsing Certificate

[0911/104325.725:ERROR:net\cert\internal\cert_issuer_source_aia.cc:36] Error parsing cert retrieved from AIA (as DER):
ERROR: Failed parsing Certificate SEQUENCE
ERROR: Failed parsing Certificate

[0911/104325.725:ERROR:net\cert\internal\cert_issuer_source_aia.cc:36] Error parsing cert retrieved from AIA (as DER):
ERROR: Failed parsing Certificate SEQUENCE
ERROR: Failed parsing Certificate

[0911/104325.957:ERROR:content\public\browser\web_contents_delegate.cc:310] WebContentsDelegate::CheckMediaAccessPermission: Not supported.
[0911/104325.957:ERROR:content\public\browser\web_contents_delegate.cc:310] WebContentsDelegate::CheckMediaAccessPermission: Not supported.
[0911/104329.750:WARNING:storage\browser\file_system\sandbox_origin_database.cc:141] Failed to repair SandboxOriginDatabase.
[0911/104330.527:ERROR:content\public\browser\web_contents_delegate.cc:310] WebContentsDelegate::CheckMediaAccessPermission: Not supported.
[0911/104330.527:ERROR:content\public\browser\web_contents_delegate.cc:310] WebContentsDelegate::CheckMediaAccessPermission: Not supported.
[0911/104331.781:ERROR:storage\browser\file_system\sandbox_origin_database.cc:198] SandboxOriginDatabase failed at: Init@storage\browser\file_system\sandbox_origin_database.cc:95 with error: IO error: C:\Users\marcenuk\Desktop\Новый проект\scripts\browser-state\hh-profile\Default\File System\Origins/LOCK: Access denied. (ChromeMethodBFE: 15::LockFile::5)
[0911/104331.781:WARNING:storage\browser\file_system\sandbox_origin_database.cc:107] Attempting to repair SandboxOriginDatabase.
[0911/104334.520:INFO:CONSOLE:0] "[.WebGL-0x6f8c0303f200]GL Driver Message (OpenGL, Performance, GL_CLOSE_PATH_NV, High): GPU stall due to ReadPixels", source: https://hh.ru/search/vacancy?text=%D0%BC%D0%B5%D1%82%D0%BE%D0%B4%D0%BE%D0%BB%D0%BE%D0%B3%20%D0%BE%D0%B1%D1%83%D1%87%D0%B5%D0%BD%D0%B8%D0%B5&area=113&schedule=remote&items_on_page=100 (0)
[0911/104334.538:ERROR:content\public\browser\web_contents_delegate.cc:310] WebContentsDelegate::CheckMediaAccessPermission: Not supported.
[0911/104334.539:ERROR:content\public\browser\web_contents_delegate.cc:310] WebContentsDelegate::CheckMediaAccessPermission: Not supported.
[0911/104335.873:WARNING:storage\browser\file_system\sandbox_origin_database.cc:141] Failed to repair SandboxOriginDatabase.
[0911/104338.546:ERROR:content\public\browser\web_contents_delegate.cc:310] WebContentsDelegate::CheckMediaAccessPermission: Not supported.
[0911/104338.546:ERROR:content\public\browser\web_contents_delegate.cc:310] WebContentsDelegate::CheckMediaAccessPermission: Not supported.
[0911/104342.554:ERROR:content\public\browser\web_contents_delegate.cc:310] WebContentsDelegate::CheckMediaAccessPermission: Not supported.
[0911/104342.554:ERROR:content\public\browser\web_contents_delegate.cc:310] WebContentsDelegate::CheckMediaAccessPermission: Not supported.
[0911/104346.557:ERROR:content\public\browser\web_contents_delegate.cc:310] WebContentsDelegate::CheckMediaAccessPermission: Not supported.
[0911/104346.557:ERROR:content\public\browser\web_contents_delegate.cc:310] WebContentsDelegate::CheckMediaAccessPermission: Not supported.
[0911/104350.564:ERROR:content\public\browser\web_contents_delegate.cc:310] WebContentsDelegate::CheckMediaAccessPermission: Not supported.
[0911/104350.564:ERROR:content\public\browser\web_contents_delegate.cc:310] WebContentsDelegate::CheckMediaAccessPermission: Not supported.
[0911/104354.568:ERROR:content\public\browser\web_contents_delegate.cc:310] WebContentsDelegate::CheckMediaAccessPermission: Not supported.
[0911/104354.568:ERROR:content\public\browser\web_contents_delegate.cc:310] WebContentsDelegate::CheckMediaAccessPermission: Not supported.
[0911/104358.569:ERROR:content\public\browser\web_contents_delegate.cc:310] WebContentsDelegate::CheckMediaAccessPermission: Not supported.
[0911/104358.570:ERROR:content\public\browser\web_contents_delegate.cc:310] WebContentsDelegate::CheckMediaAccessPermission: Not supported.
[0911/104402.574:ERROR:content\public\browser\web_contents_delegate.cc:310] WebContentsDelegate::CheckMediaAccessPermission: Not supported.
[0911/104402.574:ERROR:content\public\browser\web_contents_delegate.cc:310] WebContentsDelegate::CheckMediaAccessPermission: Not supported.
[0911/104406.578:ERROR:content\public\browser\web_contents_delegate.cc:310] WebContentsDelegate::CheckMediaAccessPermission: Not supported.
[0911/104406.578:ERROR:content\public\browser\web_contents_delegate.cc:310] WebContentsDelegate::CheckMediaAccessPermission: Not supported.
[0911/104410.588:ERROR:content\public\browser\web_contents_delegate.cc:310] WebContentsDelegate::CheckMediaAccessPermission: Not supported.
[0911/104410.588:ERROR:content\public\browser\web_contents_delegate.cc:310] WebContentsDelegate::CheckMediaAccessPermission: Not supported.
[0911/104414.594:ERROR:content\public\browser\web_contents_delegate.cc:310] WebContentsDelegate::CheckMediaAccessPermission: Not supported.
[0911/104414.594:ERROR:content\public\browser\web_contents_delegate.cc:310] WebContentsDelegate::CheckMediaAccessPermission: Not supported.
[0911/104418.607:ERROR:content\public\browser\web_contents_delegate.cc:310] WebContentsDelegate::CheckMediaAccessPermission: Not supported.
[0911/104418.608:ERROR:content\public\browser\web_contents_delegate.cc:310] WebContentsDelegate::CheckMediaAccessPermission: Not supported.
[0911/104422.611:ERROR:content\public\browser\web_contents_delegate.cc:310] WebContentsDelegate::CheckMediaAccessPermission: Not supported.
[0911/104422.611:ERROR:content\public\browser\web_contents_delegate.cc:310] WebContentsDelegate::CheckMediaAccessPermission: Not supported.
[0911/104426.623:ERROR:content\public\browser\web_contents_delegate.cc:310] WebContentsDelegate::CheckMediaAccessPermission: Not supported.
[0911/104426.623:ERROR:content\public\browser\web_contents_delegate.cc:310] WebContentsDelegate::CheckMediaAccessPermission: Not supported.
[0911/104430.627:ERROR:content\public\browser\web_contents_delegate.cc:310] WebContentsDelegate::CheckMediaAccessPermission: Not supported.
[0911/104430.627:ERROR:content\public\browser\web_contents_delegate.cc:310] WebContentsDelegate::CheckMediaAccessPermission: Not supported.
[0911/104434.637:ERROR:content\public\browser\web_contents_delegate.cc:310] WebContentsDelegate::CheckMediaAccessPermission: Not supported.
[0911/104434.637:ERROR:content\public\browser\web_contents_delegate.cc:310] WebContentsDelegate::CheckMediaAccessPermission: Not supported.
[0911/104438.644:ERROR:content\public\browser\web_contents_delegate.cc:310] WebContentsDelegate::CheckMediaAccessPermission: Not supported.
[0911/104438.644:ERROR:content\public\browser\web_contents_delegate.cc:310] WebContentsDelegate::CheckMediaAccessPermission: Not supported.
[0911/104442.661:ERROR:content\public\browser\web_contents_delegate.cc:310] WebContentsDelegate::CheckMediaAccessPermission: Not supported.
[0911/104442.661:ERROR:content\public\browser\web_contents_delegate.cc:310] WebContentsDelegate::CheckMediaAccessPermission: Not supported.
[0911/104446.677:ERROR:content\public\browser\web_contents_delegate.cc:310] WebContentsDelegate::CheckMediaAccessPermission: Not supported.
[0911/104446.677:ERROR:content\public\browser\web_contents_delegate.cc:310] WebContentsDelegate::CheckMediaAccessPermission: Not supported.
[0911/104450.692:ERROR:content\public\browser\web_contents_delegate.cc:310] WebContentsDelegate::CheckMediaAccessPermission: Not supported.
[0911/104450.692:ERROR:content\public\browser\web_contents_delegate.cc:310] WebContentsDelegate::CheckMediaAccessPermission: Not supported.
[0911/104454.696:ERROR:content\public\browser\web_contents_delegate.cc:310] WebContentsDelegate::CheckMediaAccessPermission: Not supported.
[0911/104454.696:ERROR:content\public\browser\web_contents_delegate.cc:310] WebContentsDelegate::CheckMediaAccessPermission: Not supported.
[0911/104458.702:ERROR:content\public\browser\web_contents_delegate.cc:310] WebContentsDelegate::CheckMediaAccessPermission: Not supported.
[0911/104458.702:ERROR:content\public\browser\web_contents_delegate.cc:310] WebContentsDelegate::CheckMediaAccessPermission: Not supported.
[0911/104502.703:ERROR:content\public\browser\web_contents_delegate.cc:310] WebContentsDelegate::CheckMediaAccessPermission: Not supported.
[0911/104502.703:ERROR:content\public\browser\web_contents_delegate.cc:310] WebContentsDelegate::CheckMediaAccessPermission: Not supported.
[0911/104506.709:ERROR:content\public\browser\web_contents_delegate.cc:310] WebContentsDelegate::CheckMediaAccessPermission: Not supported.
[0911/104506.709:ERROR:content\public\browser\web_contents_delegate.cc:310] WebContentsDelegate::CheckMediaAccessPermission: Not supported.
[0911/104510.716:ERROR:content\public\browser\web_contents_delegate.cc:310] WebContentsDelegate::CheckMediaAccessPermission: Not supported.
[0911/104510.716:ERROR:content\public\browser\web_contents_delegate.cc:310] WebContentsDelegate::CheckMediaAccessPermission: Not supported.
[0911/104514.727:ERROR:content\public\browser\web_contents_delegate.cc:310] WebContentsDelegate::CheckMediaAccessPermission: Not supported.
[0911/104514.727:ERROR:content\public\browser\web_contents_delegate.cc:310] WebContentsDelegate::CheckMediaAccessPermission: Not supported.
[0911/104518.734:ERROR:content\public\browser\web_contents_delegate.cc:310] WebContentsDelegate::CheckMediaAccessPermission: Not supported.
[0911/104518.734:ERROR:content\public\browser\web_contents_delegate.cc:310] WebContentsDelegate::CheckMediaAccessPermission: Not supported.
[0911/104522.742:ERROR:content\public\browser\web_contents_delegate.cc:310] WebContentsDelegate::CheckMediaAccessPermission: Not supported.
[0911/104522.742:ERROR:content\public\browser\web_contents_delegate.cc:310] WebContentsDelegate::CheckMediaAccessPermission: Not supported.
[0911/104526.749:ERROR:content\public\browser\web_contents_delegate.cc:310] WebContentsDelegate::CheckMediaAccessPermission: Not supported.
[0911/104526.749:ERROR:content\public\browser\web_contents_delegate.cc:310] WebContentsDelegate::CheckMediaAccessPermission: Not supported.
[0911/104530.754:ERROR:content\public\browser\web_contents_delegate.cc:310] WebContentsDelegate::CheckMediaAccessPermission: Not supported.
[0911/104530.754:ERROR:content\public\browser\web_contents_delegate.cc:310] WebContentsDelegate::CheckMediaAccessPermission: Not supported.
[0911/104534.758:ERROR:content\public\browser\web_contents_delegate.cc:310] WebContentsDelegate::CheckMediaAccessPermission: Not supported.
[0911/104534.758:ERROR:content\public\browser\web_contents_delegate.cc:310] WebContentsDelegate::CheckMediaAccessPermission: Not supported.
[0911/104538.765:ERROR:content\public\browser\web_contents_delegate.cc:310] WebContentsDelegate::CheckMediaAccessPermission: Not supported.
[0911/104538.765:ERROR:content\public\browser\web_contents_delegate.cc:310] WebContentsDelegate::CheckMediaAccessPermission: Not supported.
[0911/104542.766:ERROR:content\public\browser\web_contents_delegate.cc:310] WebContentsDelegate::CheckMediaAccessPermission: Not supported.
[0911/104542.766:ERROR:content\public\browser\web_contents_delegate.cc:310] WebContentsDelegate::CheckMediaAccessPermission: Not supported.
[0911/104546.773:ERROR:content\public\browser\web_contents_delegate.cc:310] WebContentsDelegate::CheckMediaAccessPermission: Not supported.
[0911/104546.773:ERROR:content\public\browser\web_contents_delegate.cc:310] WebContentsDelegate::CheckMediaAccessPermission: Not supported.
[0911/104550.781:ERROR:content\public\browser\web_contents_delegate.cc:310] WebContentsDelegate::CheckMediaAccessPermission: Not supported.
[0911/104550.781:ERROR:content\public\browser\web_contents_delegate.cc:310] WebContentsDelegate::CheckMediaAccessPermission: Not supported.
[0911/104554.782:ERROR:content\public\browser\web_contents_delegate.cc:310] WebContentsDelegate::CheckMediaAccessPermission: Not supported.
[0911/104554.782:ERROR:content\public\browser\web_contents_delegate.cc:310] WebContentsDelegate::CheckMediaAccessPermission: Not supported.
[0911/104558.788:ERROR:content\public\browser\web_contents_delegate.cc:310] WebContentsDelegate::CheckMediaAccessPermission: Not supported.
[0911/104558.788:ERROR:content\public\browser\web_contents_delegate.cc:310] WebContentsDelegate::CheckMediaAccessPermission: Not supported.
[0911/104602.790:ERROR:content\public\browser\web_contents_delegate.cc:310] WebContentsDelegate::CheckMediaAccessPermission: Not supported.
[0911/104602.790:ERROR:content\public\browser\web_contents_delegate.cc:310] WebContentsDelegate::CheckMediaAccessPermission: Not supported.
[0911/104606.803:ERROR:content\public\browser\web_contents_delegate.cc:310] WebContentsDelegate::CheckMediaAccessPermission: Not supported.
[0911/104606.803:ERROR:content\public\browser\web_contents_delegate.cc:310] WebContentsDelegate::CheckMediaAccessPermission: Not supported.
[0911/104610.807:ERROR:content\public\browser\web_contents_delegate.cc:310] WebContentsDelegate::CheckMediaAccessPermission: Not supported.
[0911/104610.807:ERROR:content\public\browser\web_contents_delegate.cc:310] WebContentsDelegate::CheckMediaAccessPermission: Not supported.
[0911/104614.809:ERROR:content\public\browser\web_contents_delegate.cc:310] WebContentsDelegate::CheckMediaAccessPermission: Not supported.
[0911/104614.809:ERROR:content\public\browser\web_contents_delegate.cc:310] WebContentsDelegate::CheckMediaAccessPermission: Not supported.
[0911/104618.823:ERROR:content\public\browser\web_contents_delegate.cc:310] WebContentsDelegate::CheckMediaAccessPermission: Not supported.
[0911/104618.824:ERROR:content\public\browser\web_contents_delegate.cc:310] WebContentsDelegate::CheckMediaAccessPermission: Not supported.
[0911/104622.827:ERROR:content\public\browser\web_contents_delegate.cc:310] WebContentsDelegate::CheckMediaAccessPermission: Not supported.
[0911/104622.827:ERROR:content\public\browser\web_contents_delegate.cc:310] WebContentsDelegate::CheckMediaAccessPermission: Not supported.
[0911/104626.838:ERROR:content\public\browser\web_contents_delegate.cc:310] WebContentsDelegate::CheckMediaAccessPermission: Not supported.
[0911/104626.838:ERROR:content\public\browser\web_contents_delegate.cc:310] WebContentsDelegate::CheckMediaAccessPermission: Not supported.
[0911/104630.853:ERROR:content\public\browser\web_contents_delegate.cc:310] WebContentsDelegate::CheckMediaAccessPermission: Not supported.
[0911/104630.853:ERROR:content\public\browser\web_contents_delegate.cc:310] WebContentsDelegate::CheckMediaAccessPermission: Not supported.
[0911/104634.855:ERROR:content\public\browser\web_contents_delegate.cc:310] WebContentsDelegate::CheckMediaAccessPermission: Not supported.
[0911/104634.855:ERROR:content\public\browser\web_contents_delegate.cc:310] WebContentsDelegate::CheckMediaAccessPermission: Not supported.
[0911/104638.860:ERROR:content\public\browser\web_contents_delegate.cc:310] WebContentsDelegate::CheckMediaAccessPermission: Not supported.
[0911/104638.860:ERROR:content\public\browser\web_contents_delegate.cc:310] WebContentsDelegate::CheckMediaAccessPermission: Not supported.
[0911/104642.865:ERROR:content\public\browser\web_contents_delegate.cc:310] WebContentsDelegate::CheckMediaAccessPermission: Not supported.
[0911/104642.865:ERROR:content\public\browser\web_contents_delegate.cc:310] WebContentsDelegate::CheckMediaAccessPermission: Not supported.
[0911/104646.868:ERROR:content\public\browser\web_contents_delegate.cc:310] WebContentsDelegate::CheckMediaAccessPermission: Not supported.
[0911/104646.868:ERROR:content\public\browser\web_contents_delegate.cc:310] WebContentsDelegate::CheckMediaAccessPermission: Not supported.
[0911/104650.872:ERROR:content\public\browser\web_contents_delegate.cc:310] WebContentsDelegate::CheckMediaAccessPermission: Not supported.
[0911/104650.872:ERROR:content\public\browser\web_contents_delegate.cc:310] WebContentsDelegate::CheckMediaAccessPermission: Not supported.
[0911/104654.879:ERROR:content\public\browser\web_contents_delegate.cc:310] WebContentsDelegate::CheckMediaAccessPermission: Not supported.
[0911/104654.879:ERROR:content\public\browser\web_contents_delegate.cc:310] WebContentsDelegate::CheckMediaAccessPermission: Not supported.
[0911/104658.887:ERROR:content\public\browser\web_contents_delegate.cc:310] WebContentsDelegate::CheckMediaAccessPermission: Not supported.
[0911/104658.887:ERROR:content\public\browser\web_contents_delegate.cc:310] WebContentsDelegate::CheckMediaAccessPermission: Not supported.
[0911/104702.889:ERROR:content\public\browser\web_contents_delegate.cc:310] WebContentsDelegate::CheckMediaAccessPermission: Not supported.
[0911/104702.889:ERROR:content\public\browser\web_contents_delegate.cc:310] WebContentsDelegate::CheckMediaAccessPermission: Not supported.
[0911/104706.901:ERROR:content\public\browser\web_contents_delegate.cc:310] WebContentsDelegate::CheckMediaAccessPermission: Not supported.
[0911/104706.901:ERROR:content\public\browser\web_contents_delegate.cc:310] WebContentsDelegate::CheckMediaAccessPermission: Not supported.
[0911/104710.904:ERROR:content\public\browser\web_contents_delegate.cc:310] WebContentsDelegate::CheckMediaAccessPermission: Not supported.
[0911/104710.904:ERROR:content\public\browser\web_contents_delegate.cc:310] WebContentsDelegate::CheckMediaAccessPermission: Not supported.
[0911/104714.908:ERROR:content\public\browser\web_contents_delegate.cc:310] WebContentsDelegate::CheckMediaAccessPermission: Not supported.
[0911/104714.908:ERROR:content\public\browser\web_contents_delegate.cc:310] WebContentsDelegate::CheckMediaAccessPermission: Not supported.
[0911/104718.910:ERROR:content\public\browser\web_contents_delegate.cc:310] WebContentsDelegate::CheckMediaAccessPermission: Not supported.
[0911/104718.910:ERROR:content\public\browser\web_contents_delegate.cc:310] WebContentsDelegate::CheckMediaAccessPermission: Not supported.
[0911/104722.912:ERROR:content\public\browser\web_contents_delegate.cc:310] WebContentsDelegate::CheckMediaAccessPermission: Not supported.
[0911/104722.912:ERROR:content\public\browser\web_contents_delegate.cc:310] WebContentsDelegate::CheckMediaAccessPermission: Not supported.
[0911/104726.920:ERROR:content\public\browser\web_contents_delegate.cc:310] WebContentsDelegate::CheckMediaAccessPermission: Not supported.
[0911/104726.920:ERROR:content\public\browser\web_contents_delegate.cc:310] WebContentsDelegate::CheckMediaAccessPermission: Not supported.
[0911/104730.923:ERROR:content\public\browser\web_contents_delegate.cc:310] WebContentsDelegate::CheckMediaAccessPermission: Not supported.
[0911/104730.923:ERROR:content\public\browser\web_contents_delegate.cc:310] WebContentsDelegate::CheckMediaAccessPermission: Not supported.
[0911/104734.933:ERROR:content\public\browser\web_contents_delegate.cc:310] WebContentsDelegate::CheckMediaAccessPermission: Not supported.
[0911/104734.933:ERROR:content\public\browser\web_contents_delegate.cc:310] WebContentsDelegate::CheckMediaAccessPermission: Not supported.
[0911/104738.938:ERROR:content\public\browser\web_contents_delegate.cc:310] WebContentsDelegate::CheckMediaAccessPermission: Not supported.
[0911/104738.938:ERROR:content\public\browser\web_contents_delegate.cc:310] WebContentsDelegate::CheckMediaAccessPermission: Not supported.
[0911/104742.948:ERROR:content\public\browser\web_contents_delegate.cc:310] WebContentsDelegate::CheckMediaAccessPermission: Not supported.
[0911/104742.948:ERROR:content\public\browser\web_contents_delegate.cc:310] WebContentsDelegate::CheckMediaAccessPermission: Not supported.
[0911/104746.951:ERROR:content\public\browser\web_contents_delegate.cc:310] WebContentsDelegate::CheckMediaAccessPermission: Not supported.
[0911/104746.951:ERROR:content\public\browser\web_contents_delegate.cc:310] WebContentsDelegate::CheckMediaAccessPermission: Not supported.
[0911/104750.956:ERROR:content\public\browser\web_contents_delegate.cc:310] WebContentsDelegate::CheckMediaAccessPermission: Not supported.
[0911/104750.956:ERROR:content\public\browser\web_contents_delegate.cc:310] WebContentsDelegate::CheckMediaAccessPermission: Not supported.
[0911/104754.966:ERROR:content\public\browser\web_contents_delegate.cc:310] WebContentsDelegate::CheckMediaAccessPermission: Not supported.
[0911/104754.966:ERROR:content\public\browser\web_contents_delegate.cc:310] WebContentsDelegate::CheckMediaAccessPermission: Not supported.
[0911/104758.969:ERROR:content\public\browser\web_contents_delegate.cc:310] WebContentsDelegate::CheckMediaAccessPermission: Not supported.
[0911/104758.969:ERROR:content\public\browser\web_contents_delegate.cc:310] WebContentsDelegate::CheckMediaAccessPermission: Not supported.
[0911/104802.985:ERROR:content\public\browser\web_contents_delegate.cc:310] WebContentsDelegate::CheckMediaAccessPermission: Not supported.
[0911/104802.985:ERROR:content\public\browser\web_contents_delegate.cc:310] WebContentsDelegate::CheckMediaAccessPermission: Not supported.
[0911/104806.988:ERROR:content\public\browser\web_contents_delegate.cc:310] WebContentsDelegate::CheckMediaAccessPermission: Not supported.
[0911/104806.988:ERROR:content\public\browser\web_contents_delegate.cc:310] WebContentsDelegate::CheckMediaAccessPermission: Not supported.
[0911/104810.998:ERROR:content\public\browser\web_contents_delegate.cc:310] WebContentsDelegate::CheckMediaAccessPermission: Not supported.
[0911/104810.998:ERROR:content\public\browser\web_contents_delegate.cc:310] WebContentsDelegate::CheckMediaAccessPermission: Not supported.
[0911/104815.002:ERROR:content\public\browser\web_contents_delegate.cc:310] WebContentsDelegate::CheckMediaAccessPermission: Not supported.
[0911/104815.002:ERROR:content\public\browser\web_contents_delegate.cc:310] WebContentsDelegate::CheckMediaAccessPermission: Not supported.
[0911/104819.012:ERROR:content\public\browser\web_contents_delegate.cc:310] WebContentsDelegate::CheckMediaAccessPermission: Not supported.
[0911/104819.012:ERROR:content\public\browser\web_contents_delegate.cc:310] WebContentsDelegate::CheckMediaAccessPermission: Not supported.
[0911/104823.018:ERROR:content\public\browser\web_contents_delegate.cc:310] WebContentsDelegate::CheckMediaAccessPermission: Not supported.
[0911/104823.018:ERROR:content\public\browser\web_contents_delegate.cc:310] WebContentsDelegate::CheckMediaAccessPermission: Not supported.
[0911/104827.035:ERROR:content\public\browser\web_contents_delegate.cc:310] WebContentsDelegate::CheckMediaAccessPermission: Not supported.
[0911/104827.035:ERROR:content\public\browser\web_contents_delegate.cc:310] WebContentsDelegate::CheckMediaAccessPermission: Not supported.
[0911/104831.040:ERROR:content\public\browser\web_contents_delegate.cc:310] WebContentsDelegate::CheckMediaAccessPermission: Not supported.
[0911/104831.040:ERROR:content\public\browser\web_contents_delegate.cc:310] WebContentsDelegate::CheckMediaAccessPermission: Not supported.
[0911/104835.051:ERROR:content\public\browser\web_contents_delegate.cc:310] WebContentsDelegate::CheckMediaAccessPermission: Not supported.
[0911/104835.051:ERROR:content\public\browser\web_contents_delegate.cc:310] WebContentsDelegate::CheckMediaAccessPermission: Not supported.
[0911/104839.056:ERROR:content\public\browser\web_contents_delegate.cc:310] WebContentsDelegate::CheckMediaAccessPermission: Not supported.
[0911/104839.056:ERROR:content\public\browser\web_contents_delegate.cc:310] WebContentsDelegate::CheckMediaAccessPermission: Not supported.
[0911/104843.067:ERROR:content\public\browser\web_contents_delegate.cc:310] WebContentsDelegate::CheckMediaAccessPermission: Not supported.
[0911/104843.067:ERROR:content\public\browser\web_contents_delegate.cc:310] WebContentsDelegate::CheckMediaAccessPermission: Not supported.
[0911/104847.084:ERROR:content\public\browser\web_contents_delegate.cc:310] WebContentsDelegate::CheckMediaAccessPermission: Not supported.
[0911/104847.084:ERROR:content\public\browser\web_contents_delegate.cc:310] WebContentsDelegate::CheckMediaAccessPermission: Not supported.
[0911/104851.091:ERROR:content\public\browser\web_contents_delegate.cc:310] WebContentsDelegate::CheckMediaAccessPermission: Not supported.
[0911/104851.091:ERROR:content\public\browser\web_contents_delegate.cc:310] WebContentsDelegate::CheckMediaAccessPermission: Not supported.
[0911/104855.100:ERROR:content\public\browser\web_contents_delegate.cc:310] WebContentsDelegate::CheckMediaAccessPermission: Not supported.
[0911/104855.100:ERROR:content\public\browser\web_contents_delegate.cc:310] WebContentsDelegate::CheckMediaAccessPermission: Not supported.
[0911/104859.101:ERROR:content\public\browser\web_contents_delegate.cc:310] WebContentsDelegate::CheckMediaAccessPermission: Not supported.
[0911/104859.101:ERROR:content\public\browser\web_contents_delegate.cc:310] WebContentsDelegate::CheckMediaAccessPermission: Not supported.
[0911/104903.116:ERROR:content\public\browser\web_contents_delegate.cc:310] WebContentsDelegate::CheckMediaAccessPermission: Not supported.
[0911/104903.116:ERROR:content\public\browser\web_contents_delegate.cc:310] WebContentsDelegate::CheckMediaAccessPermission: Not supported.
[0911/104907.132:ERROR:content\public\browser\web_contents_delegate.cc:310] WebContentsDelegate::CheckMediaAccessPermission: Not supported.
[0911/104907.134:ERROR:content\public\browser\web_contents_delegate.cc:310] WebContentsDelegate::CheckMediaAccessPermission: Not supported.
[0911/104911.141:ERROR:content\public\browser\web_contents_delegate.cc:310] WebContentsDelegate::CheckMediaAccessPermission: Not supported.
[0911/104911.141:ERROR:content\public\browser\web_contents_delegate.cc:310] WebContentsDelegate::CheckMediaAccessPermission: Not supported.
[0911/104915.150:ERROR:content\public\browser\web_contents_delegate.cc:310] WebContentsDelegate::CheckMediaAccessPermission: Not supported.
[0911/104915.150:ERROR:content\public\browser\web_contents_delegate.cc:310] WebContentsDelegate::CheckMediaAccessPermission: Not supported.
[0911/104919.160:ERROR:content\public\browser\web_contents_delegate.cc:310] WebContentsDelegate::CheckMediaAccessPermission: Not supported.
[0911/104919.160:ERROR:content\public\browser\web_contents_delegate.cc:310] WebContentsDelegate::CheckMediaAccessPermission: Not supported.
[0911/104923.164:ERROR:content\public\browser\web_contents_delegate.cc:310] WebContentsDelegate::CheckMediaAccessPermission: Not supported.
[0911/104923.164:ERROR:content\public\browser\web_contents_delegate.cc:310] WebContentsDelegate::CheckMediaAccessPermission: Not supported.
[0911/104927.180:ERROR:content\public\browser\web_contents_delegate.cc:310] WebContentsDelegate::CheckMediaAccessPermission: Not supported.
[0911/104927.180:ERROR:content\public\browser\web_contents_delegate.cc:310] WebContentsDelegate::CheckMediaAccessPermission: Not supported.
[0911/104931.182:ERROR:content\public\browser\web_contents_delegate.cc:310] WebContentsDelegate::CheckMediaAccessPermission: Not supported.
[0911/104931.182:ERROR:content\public\browser\web_contents_delegate.cc:310] WebContentsDelegate::CheckMediaAccessPermission: Not supported.
[0911/104935.186:ERROR:content\public\browser\web_contents_delegate.cc:310] WebContentsDelegate::CheckMediaAccessPermission: Not supported.
[0911/104935.186:ERROR:content\public\browser\web_contents_delegate.cc:310] WebContentsDelegate::CheckMediaAccessPermission: Not supported.
[0911/104939.196:ERROR:content\public\browser\web_contents_delegate.cc:310] WebContentsDelegate::CheckMediaAccessPermission: Not supported.
[0911/104939.196:ERROR:content\public\browser\web_contents_delegate.cc:310] WebContentsDelegate::CheckMediaAccessPermission: Not supported.
[0911/104943.199:ERROR:content\public\browser\web_contents_delegate.cc:310] WebContentsDelegate::CheckMediaAccessPermission: Not supported.
[0911/104943.199:ERROR:content\public\browser\web_contents_delegate.cc:310] WebContentsDelegate::CheckMediaAccessPermission: Not supported.
[0911/104947.206:ERROR:content\public\browser\web_contents_delegate.cc:310] WebContentsDelegate::CheckMediaAccessPermission: Not supported.
[0911/104947.206:ERROR:content\public\browser\web_contents_delegate.cc:310] WebContentsDelegate::CheckMediaAccessPermission: Not supported.
[0911/104951.211:ERROR:content\public\browser\web_contents_delegate.cc:310] WebContentsDelegate::CheckMediaAccessPermission: Not supported.
[0911/104951.211:ERROR:content\public\browser\web_contents_delegate.cc:310] WebContentsDelegate::CheckMediaAccessPermission: Not supported.
[0911/104955.214:ERROR:content\public\browser\web_contents_delegate.cc:310] WebContentsDelegate::CheckMediaAccessPermission: Not supported.
[0911/104955.214:ERROR:content\public\browser\web_contents_delegate.cc:310] WebContentsDelegate::CheckMediaAccessPermission: Not supported.
[0911/104959.225:ERROR:content\public\browser\web_contents_delegate.cc:310] WebContentsDelegate::CheckMediaAccessPermission: Not supported.
[0911/104959.225:ERROR:content\public\browser\web_contents_delegate.cc:310] WebContentsDelegate::CheckMediaAccessPermission: Not supported.
[0911/105003.232:ERROR:content\public\browser\web_contents_delegate.cc:310] WebContentsDelegate::CheckMediaAccessPermission: Not supported.
[0911/105003.232:ERROR:content\public\browser\web_contents_delegate.cc:310] WebContentsDelegate::CheckMediaAccessPermission: Not supported.
[0911/105007.239:ERROR:content\public\browser\web_contents_delegate.cc:310] WebContentsDelegate::CheckMediaAccessPermission: Not supported.
[0911/105007.240:ERROR:content\public\browser\web_contents_delegate.cc:310] WebContentsDelegate::CheckMediaAccessPermission: Not supported.
[0911/105011.244:ERROR:content\public\browser\web_contents_delegate.cc:310] WebContentsDelegate::CheckMediaAccessPermission: Not supported.
[0911/105011.245:ERROR:content\public\browser\web_contents_delegate.cc:310] WebContentsDelegate::CheckMediaAccessPermission: Not supported.
[0911/105015.248:ERROR:content\public\browser\web_contents_delegate.cc:310] WebContentsDelegate::CheckMediaAccessPermission: Not supported.
[0911/105015.248:ERROR:content\public\browser\web_contents_delegate.cc:310] WebContentsDelegate::CheckMediaAccessPermission: Not supported.
[0911/105019.250:ERROR:content\public\browser\web_contents_delegate.cc:310] WebContentsDelegate::CheckMediaAccessPermission: Not supported.
[0911/105019.250:ERROR:content\public\browser\web_contents_delegate.cc:310] WebContentsDelegate::CheckMediaAccessPermission: Not supported.
[0911/105023.260:ERROR:content\public\browser\web_contents_delegate.cc:310] WebContentsDelegate::CheckMediaAccessPermission: Not supported.
[0911/105023.260:ERROR:content\public\browser\web_contents_delegate.cc:310] WebContentsDelegate::CheckMediaAccessPermission: Not supported.
[0911/105027.263:ERROR:content\public\browser\web_contents_delegate.cc:310] WebContentsDelegate::CheckMediaAccessPermission: Not supported.
[0911/105027.264:ERROR:content\public\browser\web_contents_delegate.cc:310] WebContentsDelegate::CheckMediaAccessPermission: Not supported.
[0911/105031.275:ERROR:content\public\browser\web_contents_delegate.cc:310] WebContentsDelegate::CheckMediaAccessPermission: Not supported.
[0911/105031.275:ERROR:content\public\browser\web_contents_delegate.cc:310] WebContentsDelegate::CheckMediaAccessPermission: Not supported.
[0911/105035.281:ERROR:content\public\browser\web_contents_delegate.cc:310] WebContentsDelegate::CheckMediaAccessPermission: Not supported.
[0911/105035.281:ERROR:content\public\browser\web_contents_delegate.cc:310] WebContentsDelegate::CheckMediaAccessPermission: Not supported.
[0911/105039.291:ERROR:content\public\browser\web_contents_delegate.cc:310] WebContentsDelegate::CheckMediaAccessPermission: Not supported.
[0911/105039.291:ERROR:content\public\browser\web_contents_delegate.cc:310] WebContentsDelegate::CheckMediaAccessPermission: Not supported.
[0911/105043.296:ERROR:content\public\browser\web_contents_delegate.cc:310] WebContentsDelegate::CheckMediaAccessPermission: Not supported.
[0911/105043.296:ERROR:content\public\browser\web_contents_delegate.cc:310] WebContentsDelegate::CheckMediaAccessPermission: Not supported.
[0911/105047.300:ERROR:content\public\browser\web_contents_delegate.cc:310] WebContentsDelegate::CheckMediaAccessPermission: Not supported.
[0911/105047.300:ERROR:content\public\browser\web_contents_delegate.cc:310] WebContentsDelegate::CheckMediaAccessPermission: Not supported.
[0911/105051.312:ERROR:content\public\browser\web_contents_delegate.cc:310] WebContentsDelegate::CheckMediaAccessPermission: Not supported.
[0911/105051.313:ERROR:content\public\browser\web_contents_delegate.cc:310] WebContentsDelegate::CheckMediaAccessPermission: Not supported.
[0911/105055.317:ERROR:content\public\browser\web_contents_delegate.cc:310] WebContentsDelegate::CheckMediaAccessPermission: Not supported.
[0911/105055.317:ERROR:content\public\browser\web_contents_delegate.cc:310] WebContentsDelegate::CheckMediaAccessPermission: Not supported.
[0911/105059.326:ERROR:content\public\browser\web_contents_delegate.cc:310] WebContentsDelegate::CheckMediaAccessPermission: Not supported.
[0911/105059.326:ERROR:content\public\browser\web_contents_delegate.cc:310] WebContentsDelegate::CheckMediaAccessPermission: Not supported.
[0911/105103.328:ERROR:content\public\browser\web_contents_delegate.cc:310] WebContentsDelegate::CheckMediaAccessPermission: Not supported.
[0911/105103.328:ERROR:content\public\browser\web_contents_delegate.cc:310] WebContentsDelegate::CheckMediaAccessPermission: Not supported.
[0911/105107.333:ERROR:content\public\browser\web_contents_delegate.cc:310] WebContentsDelegate::CheckMediaAccessPermission: Not supported.
[0911/105107.334:ERROR:content\public\browser\web_contents_delegate.cc:310] WebContentsDelegate::CheckMediaAccessPermission: Not supported.
[0911/105111.339:ERROR:content\public\browser\web_contents_delegate.cc:310] WebContentsDelegate::CheckMediaAccessPermission: Not supported.
[0911/105111.339:ERROR:content\public\browser\web_contents_delegate.cc:310] WebContentsDelegate::CheckMediaAccessPermission: Not supported.
[0911/105115.341:ERROR:content\public\browser\web_contents_delegate.cc:310] WebContentsDelegate::CheckMediaAccessPermission: Not supported.
[0911/105115.341:ERROR:content\public\browser\web_contents_delegate.cc:310] WebContentsDelegate::CheckMediaAccessPermission: Not supported.
[0911/105119.346:ERROR:content\public\browser\web_contents_delegate.cc:310] WebContentsDelegate::CheckMediaAccessPermission: Not supported.
[0911/105119.346:ERROR:content\public\browser\web_contents_delegate.cc:310] WebContentsDelegate::CheckMediaAccessPermission: Not supported.
[0911/105123.353:ERROR:content\public\browser\web_contents_delegate.cc:310] WebContentsDelegate::CheckMediaAccessPermission: Not supported.
[0911/105123.353:ERROR:content\public\browser\web_contents_delegate.cc:310] WebContentsDelegate::CheckMediaAccessPermission: Not supported.
[0911/105127.361:ERROR:content\public\browser\web_contents_delegate.cc:310] WebContentsDelegate::CheckMediaAccessPermission: Not supported.
[0911/105127.361:ERROR:content\public\browser\web_contents_delegate.cc:310] WebContentsDelegate::CheckMediaAccessPermission: Not supported.
[0911/105131.364:ERROR:content\public\browser\web_contents_delegate.cc:310] WebContentsDelegate::CheckMediaAccessPermission: Not supported.
[0911/105131.364:ERROR:content\public\browser\web_contents_delegate.cc:310] WebContentsDelegate::CheckMediaAccessPermission: Not supported.
[0911/105135.370:ERROR:content\public\browser\web_contents_delegate.cc:310] WebContentsDelegate::CheckMediaAccessPermission: Not supported.
[0911/105135.371:ERROR:content\public\browser\web_contents_delegate.cc:310] WebContentsDelegate::CheckMediaAccessPermission: Not supported.
[0911/105139.375:ERROR:content\public\browser\web_contents_delegate.cc:310] WebContentsDelegate::CheckMediaAccessPermission: Not supported.
[0911/105139.377:ERROR:content\public\browser\web_contents_delegate.cc:310] WebContentsDelegate::CheckMediaAccessPermission: Not supported.
[0911/105143.377:ERROR:content\public\browser\web_contents_delegate.cc:310] WebContentsDelegate::CheckMediaAccessPermission: Not supported.
[0911/105143.377:ERROR:content\public\browser\web_contents_delegate.cc:310] WebContentsDelegate::CheckMediaAccessPermission: Not supported.
[0911/105147.386:ERROR:content\public\browser\web_contents_delegate.cc:310] WebContentsDelegate::CheckMediaAccessPermission: Not supported.
[0911/105147.386:ERROR:content\public\browser\web_contents_delegate.cc:310] WebContentsDelegate::CheckMediaAccessPermission: Not supported.
[0911/105151.393:ERROR:content\public\browser\web_contents_delegate.cc:310] WebContentsDelegate::CheckMediaAccessPermission: Not supported.
[0911/105151.393:ERROR:content\public\browser\web_contents_delegate.cc:310] WebContentsDelegate::CheckMediaAccessPermission: Not supported.
[0911/105155.401:ERROR:content\public\browser\web_contents_delegate.cc:310] WebContentsDelegate::CheckMediaAccessPermission: Not supported.
[0911/105155.401:ERROR:content\public\browser\web_contents_delegate.cc:310] WebContentsDelegate::CheckMediaAccessPermission: Not supported.
[0911/105159.411:ERROR:content\public\browser\web_contents_delegate.cc:310] WebContentsDelegate::CheckMediaAccessPermission: Not supported.
[0911/105159.412:ERROR:content\public\browser\web_contents_delegate.cc:310] WebContentsDelegate::CheckMediaAccessPermission: Not supported.
[0911/105203.421:ERROR:content\public\browser\web_contents_delegate.cc:310] WebContentsDelegate::CheckMediaAccessPermission: Not supported.
[0911/105203.421:ERROR:content\public\browser\web_contents_delegate.cc:310] WebContentsDelegate::CheckMediaAccessPermission: Not supported.
[0911/105207.422:ERROR:content\public\browser\web_contents_delegate.cc:310] WebContentsDelegate::CheckMediaAccessPermission: Not supported.
[0911/105207.422:ERROR:content\public\browser\web_contents_delegate.cc:310] WebContentsDelegate::CheckMediaAccessPermission: Not supported.
[0911/105211.425:ERROR:content\public\browser\web_contents_delegate.cc:310] WebContentsDelegate::CheckMediaAccessPermission: Not supported.
[0911/105211.425:ERROR:content\public\browser\web_contents_delegate.cc:310] WebContentsDelegate::CheckMediaAccessPermission: Not supported.
[0911/105215.431:ERROR:content\public\browser\web_contents_delegate.cc:310] WebContentsDelegate::CheckMediaAccessPermission: Not supported.
[0911/105215.431:ERROR:content\public\browser\web_contents_delegate.cc:310] WebContentsDelegate::CheckMediaAccessPermission: Not supported.
[0911/105219.438:ERROR:content\public\browser\web_contents_delegate.cc:310] WebContentsDelegate::CheckMediaAccessPermission: Not supported.
[0911/105219.438:ERROR:content\public\browser\web_contents_delegate.cc:310] WebContentsDelegate::CheckMediaAccessPermission: Not supported.
[0911/105223.442:ERROR:content\public\browser\web_contents_delegate.cc:310] WebContentsDelegate::CheckMediaAccessPermission: Not supported.
[0911/105223.443:ERROR:content\public\browser\web_contents_delegate.cc:310] WebContentsDelegate::CheckMediaAccessPermission: Not supported.
[0911/105227.458:ERROR:content\public\browser\web_contents_delegate.cc:310] WebContentsDelegate::CheckMediaAccessPermission: Not supported.
[0911/105227.458:ERROR:content\public\browser\web_contents_delegate.cc:310] WebContentsDelegate::CheckMediaAccessPermission: Not supported.
[0911/105231.471:ERROR:content\public\browser\web_contents_delegate.cc:310] WebContentsDelegate::CheckMediaAccessPermission: Not supported.
[0911/105231.472:ERROR:content\public\browser\web_contents_delegate.cc:310] WebContentsDelegate::CheckMediaAccessPermission: Not supported.
[0911/105235.475:ERROR:content\public\browser\web_contents_delegate.cc:310] WebContentsDelegate::CheckMediaAccessPermission: Not supported.
[0911/105235.475:ERROR:content\public\browser\web_contents_delegate.cc:310] WebContentsDelegate::CheckMediaAccessPermission: Not supported.
[0911/105239.482:ERROR:content\public\browser\web_contents_delegate.cc:310] WebContentsDelegate::CheckMediaAccessPermission: Not supported.
[0911/105239.482:ERROR:content\public\browser\web_contents_delegate.cc:310] WebContentsDelegate::CheckMediaAccessPermission: Not supported.
[0911/105243.491:ERROR:content\public\browser\web_contents_delegate.cc:310] WebContentsDelegate::CheckMediaAccessPermission: Not supported.
[0911/105243.491:ERROR:content\public\browser\web_contents_delegate.cc:310] WebContentsDelegate::CheckMediaAccessPermission: Not supported.
[0911/105247.494:ERROR:content\public\browser\web_contents_delegate.cc:310] WebContentsDelegate::CheckMediaAccessPermission: Not supported.
[0911/105247.494:ERROR:content\public\browser\web_contents_delegate.cc:310] WebContentsDelegate::CheckMediaAccessPermission: Not supported.
[0911/105251.496:ERROR:content\public\browser\web_contents_delegate.cc:310] WebContentsDelegate::CheckMediaAccessPermission: Not supported.
[0911/105251.496:ERROR:content\public\browser\web_contents_delegate.cc:310] WebContentsDelegate::CheckMediaAccessPermission: Not supported.
[0911/105255.508:ERROR:content\public\browser\web_contents_delegate.cc:310] WebContentsDelegate::CheckMediaAccessPermission: Not supported.
[0911/105255.508:ERROR:content\public\browser\web_contents_delegate.cc:310] WebContentsDelegate::CheckMediaAccessPermission: Not supported.
[0911/105259.516:ERROR:content\public\browser\web_contents_delegate.cc:310] WebContentsDelegate::CheckMediaAccessPermission: Not supported.
[0911/105259.516:ERROR:content\public\browser\web_contents_delegate.cc:310] WebContentsDelegate::CheckMediaAccessPermission: Not supported.
[0911/105303.525:ERROR:content\public\browser\web_contents_delegate.cc:310] WebContentsDelegate::CheckMediaAccessPermission: Not supported.
[0911/105303.525:ERROR:content\public\browser\web_contents_delegate.cc:310] WebContentsDelegate::CheckMediaAccessPermission: Not supported.
