[0911/132618.061:INFO:CONSOLE:1] "Error: TargetAds Queue is empty", source: https://i.hh.ru/js/External/TargetAds_WebSDK.js?v=2.2 (1)
[0911/132618.483:INFO:CONSOLE:1] "Fetch API cannot load chrome-extension://gafchcnohalkhohnedifhjblhdhoppkg/content.css. URL scheme "chrome-extension" is not supported.", source: https://i.hh.ru/build/appEntryPoint.4c16ccceb42f21c3.js (1)
[0911/132618.485:INFO:CONSOLE:1] "Fetch API cannot load chrome-extension://lmajkdcdknelgehdmcldckonhndcodco/fonts/Lato/lato.css. URL scheme "chrome-extension" is not supported.", source: https://i.hh.ru/build/appEntryPoint.4c16ccceb42f21c3.js (1)
[0911/132620.502:INFO:CONSOLE:1] "Error: TargetAds Queue is empty", source: https://i.hh.ru/js/External/TargetAds_WebSDK.js?v=2.2 (1)
[0911/132621.209:INFO:CONSOLE:1] "Error: TargetAds Queue is empty", source: https://i.hh.ru/js/External/TargetAds_WebSDK.js?v=2.2 (1)
[0911/132622.465:ERROR:content\public\browser\web_contents_delegate.cc:310] WebContentsDelegate::CheckMediaAccessPermission: Not supported.
[0911/132622.465:ERROR:content\public\browser\web_contents_delegate.cc:310] WebContentsDelegate::CheckMediaAccessPermission: Not supported.
[0911/132623.560:INFO:CONSOLE:2] "[object HTMLIFrameElement] Adfox transport frame was moved", source: https://yastatic.net/partner-code-bundles/1306611/1b99976db035bd51.js (2)
[0911/132627.200:ERROR:content\public\browser\web_contents_delegate.cc:310] WebContentsDelegate::CheckMediaAccessPermission: Not supported.
[0911/132627.200:ERROR:content\public\browser\web_contents_delegate.cc:310] WebContentsDelegate::CheckMediaAccessPermission: Not supported.
[0911/132631.058:INFO:CONSOLE:0] "[.WebGL-0x50bc063a9000]GL Driver Message (OpenGL, Performance, GL_CLOSE_PATH_NV, High): GPU stall due to ReadPixels", source: https://hh.ru/ (0)
[0911/132631.204:ERROR:content\public\browser\web_contents_delegate.cc:310] WebContentsDelegate::CheckMediaAccessPermission: Not supported.
[0911/132631.204:ERROR:content\public\browser\web_contents_delegate.cc:310] WebContentsDelegate::CheckMediaAccessPermission: Not supported.
[0911/132635.206:ERROR:content\public\browser\web_contents_delegate.cc:310] WebContentsDelegate::CheckMediaAccessPermission: Not supported.
[0911/132635.206:ERROR:content\public\browser\web_contents_delegate.cc:310] WebContentsDelegate::CheckMediaAccessPermission: Not supported.
[0911/132639.215:ERROR:content\public\browser\web_contents_delegate.cc:310] WebContentsDelegate::CheckMediaAccessPermission: Not supported.
[0911/132639.215:ERROR:content\public\browser\web_contents_delegate.cc:310] WebContentsDelegate::CheckMediaAccessPermission: Not supported.
[0911/132643.221:ERROR:content\public\browser\web_contents_delegate.cc:310] WebContentsDelegate::CheckMediaAccessPermission: Not supported.
[0911/132643.221:ERROR:content\public\browser\web_contents_delegate.cc:310] WebContentsDelegate::CheckMediaAccessPermission: Not supported.
[0911/132647.225:ERROR:content\public\browser\web_contents_delegate.cc:310] WebContentsDelegate::CheckMediaAccessPermission: Not supported.
[0911/132647.225:ERROR:content\public\browser\web_contents_delegate.cc:310] WebContentsDelegate::CheckMediaAccessPermission: Not supported.
[0911/132651.237:ERROR:content\public\browser\web_contents_delegate.cc:310] WebContentsDelegate::CheckMediaAccessPermission: Not supported.
[0911/132651.237:ERROR:content\public\browser\web_contents_delegate.cc:310] WebContentsDelegate::CheckMediaAccessPermission: Not supported.
[0911/132655.239:ERROR:content\public\browser\web_contents_delegate.cc:310] WebContentsDelegate::CheckMediaAccessPermission: Not supported.
[0911/132655.239:ERROR:content\public\browser\web_contents_delegate.cc:310] WebContentsDelegate::CheckMediaAccessPermission: Not supported.
[0911/132659.244:ERROR:content\public\browser\web_contents_delegate.cc:310] WebContentsDelegate::CheckMediaAccessPermission: Not supported.
[0911/132659.244:ERROR:content\public\browser\web_contents_delegate.cc:310] WebContentsDelegate::CheckMediaAccessPermission: Not supported.
[0911/132703.249:ERROR:content\public\browser\web_contents_delegate.cc:310] WebContentsDelegate::CheckMediaAccessPermission: Not supported.
[0911/132703.249:ERROR:content\public\browser\web_contents_delegate.cc:310] WebContentsDelegate::CheckMediaAccessPermission: Not supported.
[0911/132707.252:ERROR:content\public\browser\web_contents_delegate.cc:310] WebContentsDelegate::CheckMediaAccessPermission: Not supported.
[0911/132707.253:ERROR:content\public\browser\web_contents_delegate.cc:310] WebContentsDelegate::CheckMediaAccessPermission: Not supported.
[0911/132711.254:ERROR:content\public\browser\web_contents_delegate.cc:310] WebContentsDelegate::CheckMediaAccessPermission: Not supported.
[0911/132711.254:ERROR:content\public\browser\web_contents_delegate.cc:310] WebContentsDelegate::CheckMediaAccessPermission: Not supported.
[0911/132715.259:ERROR:content\public\browser\web_contents_delegate.cc:310] WebContentsDelegate::CheckMediaAccessPermission: Not supported.
[0911/132715.259:ERROR:content\public\browser\web_contents_delegate.cc:310] WebContentsDelegate::CheckMediaAccessPermission: Not supported.
